[2024-09-27T10:02:00.557+0200][gc,heap] Heap region size: 1M
[2024-09-27T10:02:00.571+0200][gc     ] Using G1
[2024-09-27T10:02:00.571+0200][gc,heap,coops] Heap address: 0x00000000c0000000, size: 1024 MB, Compressed Oops mode: 32-bit
[2024-09-27T10:02:01.300+0200][gc,start     ] GC(0) Pause Young (Normal) (G1 Evacuation Pause)
[2024-09-27T10:02:01.300+0200][gc,task      ] GC(0) Using 6 workers of 6 for evacuation
[2024-09-27T10:02:01.306+0200][gc,phases    ] GC(0)   Pre Evacuate Collection Set: 0,0ms
[2024-09-27T10:02:01.306+0200][gc,phases    ] GC(0)   Evacuate Collection Set: 4,8ms
[2024-09-27T10:02:01.306+0200][gc,phases    ] GC(0)   Post Evacuate Collection Set: 0,6ms
[2024-09-27T10:02:01.306+0200][gc,phases    ] GC(0)   Other: 0,8ms
[2024-09-27T10:02:01.306+0200][gc,heap      ] GC(0) Eden regions: 51->0(44)
[2024-09-27T10:02:01.306+0200][gc,heap      ] GC(0) Survivor regions: 0->7(7)
[2024-09-27T10:02:01.306+0200][gc,heap      ] GC(0) Old regions: 0->1
[2024-09-27T10:02:01.306+0200][gc,heap      ] GC(0) Humongous regions: 0->0
[2024-09-27T10:02:01.306+0200][gc,metaspace ] GC(0) Metaspace: 13237K(13952K)->13237K(13952K) NonClass: 11579K(12032K)->11579K(12032K) Class: 1657K(1920K)->1657K(1920K)
[2024-09-27T10:02:01.306+0200][gc           ] GC(0) Pause Young (Normal) (G1 Evacuation Pause) 51M->7M(1024M) 6,320ms
[2024-09-27T10:02:01.306+0200][gc,cpu       ] GC(0) User=0,03s Sys=0,00s Real=0,01s
[2024-09-27T10:02:01.823+0200][gc,start     ] GC(1) Pause Young (Concurrent Start) (Metadata GC Threshold)
[2024-09-27T10:02:01.824+0200][gc,task      ] GC(1) Using 6 workers of 6 for evacuation
[2024-09-27T10:02:01.830+0200][gc,phases    ] GC(1)   Pre Evacuate Collection Set: 0,1ms
[2024-09-27T10:02:01.830+0200][gc,phases    ] GC(1)   Evacuate Collection Set: 5,6ms
[2024-09-27T10:02:01.830+0200][gc,phases    ] GC(1)   Post Evacuate Collection Set: 0,5ms
[2024-09-27T10:02:01.830+0200][gc,phases    ] GC(1)   Other: 0,3ms
[2024-09-27T10:02:01.830+0200][gc,heap      ] GC(1) Eden regions: 35->0(49)
[2024-09-27T10:02:01.830+0200][gc,heap      ] GC(1) Survivor regions: 7->2(7)
[2024-09-27T10:02:01.830+0200][gc,heap      ] GC(1) Old regions: 1->8
[2024-09-27T10:02:01.830+0200][gc,heap      ] GC(1) Humongous regions: 0->0
[2024-09-27T10:02:01.830+0200][gc,metaspace ] GC(1) Metaspace: 20573K(21248K)->20573K(21248K) NonClass: 18035K(18432K)->18035K(18432K) Class: 2537K(2816K)->2537K(2816K)
[2024-09-27T10:02:01.830+0200][gc           ] GC(1) Pause Young (Concurrent Start) (Metadata GC Threshold) 42M->8M(1024M) 6,637ms
[2024-09-27T10:02:01.830+0200][gc,cpu       ] GC(1) User=0,02s Sys=0,00s Real=0,01s
[2024-09-27T10:02:01.830+0200][gc           ] GC(2) Concurrent Cycle
[2024-09-27T10:02:01.830+0200][gc,marking   ] GC(2) Concurrent Clear Claimed Marks
[2024-09-27T10:02:01.830+0200][gc,marking   ] GC(2) Concurrent Clear Claimed Marks 0,038ms
[2024-09-27T10:02:01.830+0200][gc,marking   ] GC(2) Concurrent Scan Root Regions
[2024-09-27T10:02:01.832+0200][gc,marking   ] GC(2) Concurrent Scan Root Regions 1,306ms
[2024-09-27T10:02:01.832+0200][gc,marking   ] GC(2) Concurrent Mark (1,278s)
[2024-09-27T10:02:01.832+0200][gc,marking   ] GC(2) Concurrent Mark From Roots
[2024-09-27T10:02:01.832+0200][gc,task      ] GC(2) Using 2 workers of 2 for marking
[2024-09-27T10:02:01.834+0200][gc,marking   ] GC(2) Concurrent Mark From Roots 2,842ms
[2024-09-27T10:02:01.834+0200][gc,marking   ] GC(2) Concurrent Preclean
[2024-09-27T10:02:01.835+0200][gc,marking   ] GC(2) Concurrent Preclean 0,068ms
[2024-09-27T10:02:01.835+0200][gc,marking   ] GC(2) Concurrent Mark (1,278s, 1,281s) 2,955ms
[2024-09-27T10:02:01.835+0200][gc,start     ] GC(2) Pause Remark
[2024-09-27T10:02:01.837+0200][gc,stringtable] GC(2) Cleaned string and symbol table, strings: 9658 processed, 0 removed, symbols: 54536 processed, 46 removed
[2024-09-27T10:02:01.837+0200][gc            ] GC(2) Pause Remark 9M->9M(1024M) 2,308ms
[2024-09-27T10:02:01.837+0200][gc,cpu        ] GC(2) User=0,01s Sys=0,00s Real=0,00s
[2024-09-27T10:02:01.837+0200][gc,marking    ] GC(2) Concurrent Rebuild Remembered Sets
[2024-09-27T10:02:01.842+0200][gc,marking    ] GC(2) Concurrent Rebuild Remembered Sets 4,821ms
[2024-09-27T10:02:01.842+0200][gc,start      ] GC(2) Pause Cleanup
[2024-09-27T10:02:01.842+0200][gc            ] GC(2) Pause Cleanup 9M->9M(1024M) 0,234ms
[2024-09-27T10:02:01.842+0200][gc,cpu        ] GC(2) User=0,00s Sys=0,00s Real=0,00s
[2024-09-27T10:02:01.842+0200][gc,marking    ] GC(2) Concurrent Cleanup for Next Mark
[2024-09-27T10:02:01.847+0200][gc,marking    ] GC(2) Concurrent Cleanup for Next Mark 4,468ms
[2024-09-27T10:02:01.847+0200][gc            ] GC(2) Concurrent Cycle 16,769ms
[2024-09-27T10:02:02.302+0200][gc,start      ] GC(3) Pause Young (Normal) (G1 Evacuation Pause)
[2024-09-27T10:02:02.303+0200][gc,task       ] GC(3) Using 6 workers of 6 for evacuation
[2024-09-27T10:02:02.306+0200][gc,phases     ] GC(3)   Pre Evacuate Collection Set: 0,0ms
[2024-09-27T10:02:02.306+0200][gc,phases     ] GC(3)   Evacuate Collection Set: 2,5ms
[2024-09-27T10:02:02.306+0200][gc,phases     ] GC(3)   Post Evacuate Collection Set: 0,4ms
[2024-09-27T10:02:02.306+0200][gc,phases     ] GC(3)   Other: 0,2ms
[2024-09-27T10:02:02.306+0200][gc,heap       ] GC(3) Eden regions: 49->0(47)
[2024-09-27T10:02:02.306+0200][gc,heap       ] GC(3) Survivor regions: 2->4(7)
[2024-09-27T10:02:02.306+0200][gc,heap       ] GC(3) Old regions: 8->8
[2024-09-27T10:02:02.306+0200][gc,heap       ] GC(3) Humongous regions: 129->129
[2024-09-27T10:02:02.306+0200][gc,metaspace  ] GC(3) Metaspace: 29163K(30336K)->29163K(30336K) NonClass: 25746K(26368K)->25746K(26368K) Class: 3417K(3968K)->3417K(3968K)
[2024-09-27T10:02:02.306+0200][gc            ] GC(3) Pause Young (Normal) (G1 Evacuation Pause) 186M->139M(1024M) 3,239ms
[2024-09-27T10:02:02.306+0200][gc,cpu        ] GC(3) User=0,01s Sys=0,00s Real=0,00s
[2024-09-27T10:02:02.632+0200][gc,start      ] GC(4) Pause Young (Concurrent Start) (Metadata GC Threshold)
[2024-09-27T10:02:02.633+0200][gc,task       ] GC(4) Using 6 workers of 6 for evacuation
[2024-09-27T10:02:02.639+0200][gc,phases     ] GC(4)   Pre Evacuate Collection Set: 0,1ms
[2024-09-27T10:02:02.639+0200][gc,phases     ] GC(4)   Evacuate Collection Set: 6,0ms
[2024-09-27T10:02:02.639+0200][gc,phases     ] GC(4)   Post Evacuate Collection Set: 0,5ms
[2024-09-27T10:02:02.639+0200][gc,phases     ] GC(4)   Other: 0,2ms
[2024-09-27T10:02:02.639+0200][gc,heap       ] GC(4) Eden regions: 37->0(44)
[2024-09-27T10:02:02.639+0200][gc,heap       ] GC(4) Survivor regions: 4->7(7)
[2024-09-27T10:02:02.639+0200][gc,heap       ] GC(4) Old regions: 8->8
[2024-09-27T10:02:02.639+0200][gc,heap       ] GC(4) Humongous regions: 129->129
[2024-09-27T10:02:02.639+0200][gc,metaspace  ] GC(4) Metaspace: 34527K(35840K)->34527K(35840K) NonClass: 30489K(31232K)->30489K(31232K) Class: 4037K(4608K)->4037K(4608K)
[2024-09-27T10:02:02.639+0200][gc            ] GC(4) Pause Young (Concurrent Start) (Metadata GC Threshold) 176M->142M(1024M) 6,932ms
[2024-09-27T10:02:02.639+0200][gc,cpu        ] GC(4) User=0,02s Sys=0,00s Real=0,01s
[2024-09-27T10:02:02.639+0200][gc            ] GC(5) Concurrent Cycle
[2024-09-27T10:02:02.640+0200][gc,marking    ] GC(5) Concurrent Clear Claimed Marks
[2024-09-27T10:02:02.640+0200][gc,marking    ] GC(5) Concurrent Clear Claimed Marks 0,135ms
[2024-09-27T10:02:02.640+0200][gc,marking    ] GC(5) Concurrent Scan Root Regions
[2024-09-27T10:02:02.643+0200][gc,marking    ] GC(5) Concurrent Scan Root Regions 3,569ms
[2024-09-27T10:02:02.643+0200][gc,marking    ] GC(5) Concurrent Mark (2,090s)
[2024-09-27T10:02:02.643+0200][gc,marking    ] GC(5) Concurrent Mark From Roots
[2024-09-27T10:02:02.643+0200][gc,task       ] GC(5) Using 2 workers of 2 for marking
[2024-09-27T10:02:02.649+0200][gc,marking    ] GC(5) Concurrent Mark From Roots 5,375ms
[2024-09-27T10:02:02.649+0200][gc,marking    ] GC(5) Concurrent Preclean
[2024-09-27T10:02:02.649+0200][gc,marking    ] GC(5) Concurrent Preclean 0,090ms
[2024-09-27T10:02:02.649+0200][gc,marking    ] GC(5) Concurrent Mark (2,090s, 2,096s) 5,531ms
[2024-09-27T10:02:02.649+0200][gc,start      ] GC(5) Pause Remark
[2024-09-27T10:02:02.652+0200][gc,stringtable] GC(5) Cleaned string and symbol table, strings: 13917 processed, 9 removed, symbols: 86426 processed, 17 removed
[2024-09-27T10:02:02.652+0200][gc            ] GC(5) Pause Remark 144M->144M(1024M) 3,313ms
[2024-09-27T10:02:02.652+0200][gc,cpu        ] GC(5) User=0,01s Sys=0,00s Real=0,00s
[2024-09-27T10:02:02.652+0200][gc,marking    ] GC(5) Concurrent Rebuild Remembered Sets
[2024-09-27T10:02:02.657+0200][gc,marking    ] GC(5) Concurrent Rebuild Remembered Sets 4,441ms
[2024-09-27T10:02:02.657+0200][gc,start      ] GC(5) Pause Cleanup
[2024-09-27T10:02:02.657+0200][gc            ] GC(5) Pause Cleanup 144M->144M(1024M) 0,242ms
[2024-09-27T10:02:02.657+0200][gc,cpu        ] GC(5) User=0,00s Sys=0,00s Real=0,00s
[2024-09-27T10:02:02.657+0200][gc,marking    ] GC(5) Concurrent Cleanup for Next Mark
[2024-09-27T10:02:02.662+0200][gc,marking    ] GC(5) Concurrent Cleanup for Next Mark 4,834ms
[2024-09-27T10:02:02.662+0200][gc            ] GC(5) Concurrent Cycle 22,838ms
[2024-09-27T10:08:30.344+0200][gc,start      ] GC(6) Pause Young (Normal) (G1 Evacuation Pause)
[2024-09-27T10:08:30.344+0200][gc,task       ] GC(6) Using 6 workers of 6 for evacuation
[2024-09-27T10:08:30.354+0200][gc,phases     ] GC(6)   Pre Evacuate Collection Set: 0,0ms
[2024-09-27T10:08:30.354+0200][gc,phases     ] GC(6)   Evacuate Collection Set: 8,9ms
[2024-09-27T10:08:30.354+0200][gc,phases     ] GC(6)   Post Evacuate Collection Set: 0,7ms
[2024-09-27T10:08:30.354+0200][gc,phases     ] GC(6)   Other: 0,2ms
[2024-09-27T10:08:30.354+0200][gc,heap       ] GC(6) Eden regions: 44->0(45)
[2024-09-27T10:08:30.354+0200][gc,heap       ] GC(6) Survivor regions: 7->6(7)
[2024-09-27T10:08:30.354+0200][gc,heap       ] GC(6) Old regions: 8->11
[2024-09-27T10:08:30.354+0200][gc,heap       ] GC(6) Humongous regions: 129->129
[2024-09-27T10:08:30.354+0200][gc,metaspace  ] GC(6) Metaspace: 41464K(44032K)->41464K(44032K) NonClass: 36044K(37376K)->36044K(37376K) Class: 5419K(6656K)->5419K(6656K)
[2024-09-27T10:08:30.354+0200][gc            ] GC(6) Pause Young (Normal) (G1 Evacuation Pause) 186M->144M(1024M) 9,983ms
[2024-09-27T10:08:30.354+0200][gc,cpu        ] GC(6) User=0,03s Sys=0,00s Real=0,01s
[2024-09-27T10:19:12.445+0200][gc,start      ] GC(7) Pause Young (Normal) (G1 Evacuation Pause)
[2024-09-27T10:19:12.445+0200][gc,task       ] GC(7) Using 6 workers of 6 for evacuation
[2024-09-27T10:19:12.452+0200][gc,phases     ] GC(7)   Pre Evacuate Collection Set: 0,0ms
[2024-09-27T10:19:12.452+0200][gc,phases     ] GC(7)   Evacuate Collection Set: 5,7ms
[2024-09-27T10:19:12.452+0200][gc,phases     ] GC(7)   Post Evacuate Collection Set: 0,9ms
[2024-09-27T10:19:12.452+0200][gc,phases     ] GC(7)   Other: 0,2ms
[2024-09-27T10:19:12.452+0200][gc,heap       ] GC(7) Eden regions: 45->0(45)
[2024-09-27T10:19:12.452+0200][gc,heap       ] GC(7) Survivor regions: 6->6(7)
[2024-09-27T10:19:12.452+0200][gc,heap       ] GC(7) Old regions: 11->14
[2024-09-27T10:19:12.452+0200][gc,heap       ] GC(7) Humongous regions: 129->129
[2024-09-27T10:19:12.452+0200][gc,metaspace  ] GC(7) Metaspace: 44456K(47360K)->44456K(47360K) NonClass: 38656K(40192K)->38656K(40192K) Class: 5800K(7168K)->5800K(7168K)
[2024-09-27T10:19:12.452+0200][gc            ] GC(7) Pause Young (Normal) (G1 Evacuation Pause) 189M->147M(1024M) 6,905ms
[2024-09-27T10:19:12.452+0200][gc,cpu        ] GC(7) User=0,03s Sys=0,00s Real=0,01s
[2024-09-27T10:30:42.979+0200][gc,start      ] GC(8) Pause Young (Normal) (G1 Evacuation Pause)
[2024-09-27T10:30:42.984+0200][gc,task       ] GC(8) Using 6 workers of 6 for evacuation
[2024-09-27T10:30:42.992+0200][gc,phases     ] GC(8)   Pre Evacuate Collection Set: 0,0ms
[2024-09-27T10:30:42.992+0200][gc,phases     ] GC(8)   Evacuate Collection Set: 6,0ms
[2024-09-27T10:30:42.992+0200][gc,phases     ] GC(8)   Post Evacuate Collection Set: 1,0ms
[2024-09-27T10:30:42.992+0200][gc,phases     ] GC(8)   Other: 5,5ms
[2024-09-27T10:30:42.992+0200][gc,heap       ] GC(8) Eden regions: 45->0(46)
[2024-09-27T10:30:42.992+0200][gc,heap       ] GC(8) Survivor regions: 6->5(7)
[2024-09-27T10:30:42.992+0200][gc,heap       ] GC(8) Old regions: 14->16
[2024-09-27T10:30:42.992+0200][gc,heap       ] GC(8) Humongous regions: 129->129
[2024-09-27T10:30:42.992+0200][gc,metaspace  ] GC(8) Metaspace: 45076K(48000K)->45076K(48000K) NonClass: 39223K(40704K)->39223K(40704K) Class: 5852K(7296K)->5852K(7296K)
[2024-09-27T10:30:42.992+0200][gc            ] GC(8) Pause Young (Normal) (G1 Evacuation Pause) 192M->149M(1024M) 12,669ms
[2024-09-27T10:30:42.992+0200][gc,cpu        ] GC(8) User=0,03s Sys=0,00s Real=0,01s
[2024-09-27T10:43:44.027+0200][gc,start      ] GC(9) Pause Young (Normal) (G1 Evacuation Pause)
[2024-09-27T10:43:44.027+0200][gc,task       ] GC(9) Using 6 workers of 6 for evacuation
[2024-09-27T10:43:44.033+0200][gc,phases     ] GC(9)   Pre Evacuate Collection Set: 0,0ms
[2024-09-27T10:43:44.033+0200][gc,phases     ] GC(9)   Evacuate Collection Set: 5,1ms
[2024-09-27T10:43:44.033+0200][gc,phases     ] GC(9)   Post Evacuate Collection Set: 0,8ms
[2024-09-27T10:43:44.033+0200][gc,phases     ] GC(9)   Other: 0,4ms
[2024-09-27T10:43:44.033+0200][gc,heap       ] GC(9) Eden regions: 46->0(49)
[2024-09-27T10:43:44.033+0200][gc,heap       ] GC(9) Survivor regions: 5->3(7)
[2024-09-27T10:43:44.033+0200][gc,heap       ] GC(9) Old regions: 16->18
[2024-09-27T10:43:44.033+0200][gc,heap       ] GC(9) Humongous regions: 129->129
[2024-09-27T10:43:44.033+0200][gc,metaspace  ] GC(9) Metaspace: 45291K(48256K)->45291K(48256K) NonClass: 39425K(40960K)->39425K(40960K) Class: 5866K(7296K)->5866K(7296K)
[2024-09-27T10:43:44.033+0200][gc            ] GC(9) Pause Young (Normal) (G1 Evacuation Pause) 195M->149M(1024M) 6,462ms
[2024-09-27T10:43:44.033+0200][gc,cpu        ] GC(9) User=0,03s Sys=0,00s Real=0,00s
[2024-09-27T10:57:55.469+0200][gc,start      ] GC(10) Pause Young (Normal) (G1 Evacuation Pause)
[2024-09-27T10:57:55.474+0200][gc,task       ] GC(10) Using 6 workers of 6 for evacuation
[2024-09-27T10:57:55.480+0200][gc,phases     ] GC(10)   Pre Evacuate Collection Set: 0,0ms
[2024-09-27T10:57:55.480+0200][gc,phases     ] GC(10)   Evacuate Collection Set: 4,3ms
[2024-09-27T10:57:55.480+0200][gc,phases     ] GC(10)   Post Evacuate Collection Set: 1,5ms
[2024-09-27T10:57:55.480+0200][gc,phases     ] GC(10)   Other: 5,6ms
[2024-09-27T10:57:55.480+0200][gc,heap       ] GC(10) Eden regions: 49->0(58)
[2024-09-27T10:57:55.480+0200][gc,heap       ] GC(10) Survivor regions: 3->3(7)
[2024-09-27T10:57:55.480+0200][gc,heap       ] GC(10) Old regions: 18->18
[2024-09-27T10:57:55.480+0200][gc,heap       ] GC(10) Humongous regions: 129->129
[2024-09-27T10:57:55.480+0200][gc,metaspace  ] GC(10) Metaspace: 45379K(48256K)->45379K(48256K) NonClass: 39513K(40960K)->39513K(40960K) Class: 5866K(7296K)->5866K(7296K)
[2024-09-27T10:57:55.480+0200][gc            ] GC(10) Pause Young (Normal) (G1 Evacuation Pause) 198M->149M(1024M) 11,589ms
[2024-09-27T10:57:55.480+0200][gc,cpu        ] GC(10) User=0,02s Sys=0,01s Real=0,01s
[2024-09-27T11:12:36.390+0200][gc,start      ] GC(11) Pause Young (Normal) (G1 Evacuation Pause)
[2024-09-27T11:12:36.395+0200][gc,task       ] GC(11) Using 6 workers of 6 for evacuation
[2024-09-27T11:12:36.400+0200][gc,phases     ] GC(11)   Pre Evacuate Collection Set: 0,1ms
[2024-09-27T11:12:36.400+0200][gc,phases     ] GC(11)   Evacuate Collection Set: 3,5ms
[2024-09-27T11:12:36.400+0200][gc,phases     ] GC(11)   Post Evacuate Collection Set: 0,7ms
[2024-09-27T11:12:36.400+0200][gc,phases     ] GC(11)   Other: 5,4ms
[2024-09-27T11:12:36.400+0200][gc,heap       ] GC(11) Eden regions: 58->0(79)
[2024-09-27T11:12:36.400+0200][gc,heap       ] GC(11) Survivor regions: 3->4(8)
[2024-09-27T11:12:36.400+0200][gc,heap       ] GC(11) Old regions: 18->18
[2024-09-27T11:12:36.400+0200][gc,heap       ] GC(11) Humongous regions: 129->129
[2024-09-27T11:12:36.400+0200][gc,metaspace  ] GC(11) Metaspace: 45464K(48512K)->45464K(48512K) NonClass: 39592K(41216K)->39592K(41216K) Class: 5871K(7296K)->5871K(7296K)
[2024-09-27T11:12:36.400+0200][gc            ] GC(11) Pause Young (Normal) (G1 Evacuation Pause) 207M->150M(1024M) 9,680ms
[2024-09-27T11:12:36.400+0200][gc,cpu        ] GC(11) User=0,02s Sys=0,00s Real=0,01s
[2024-09-27T11:34:14.160+0200][gc,start      ] GC(12) Pause Young (Normal) (G1 Evacuation Pause)
[2024-09-27T11:34:14.161+0200][gc,task       ] GC(12) Using 6 workers of 6 for evacuation
[2024-09-27T11:34:14.168+0200][gc,phases     ] GC(12)   Pre Evacuate Collection Set: 0,2ms
[2024-09-27T11:34:14.168+0200][gc,phases     ] GC(12)   Evacuate Collection Set: 4,4ms
[2024-09-27T11:34:14.168+0200][gc,phases     ] GC(12)   Post Evacuate Collection Set: 1,8ms
[2024-09-27T11:34:14.168+0200][gc,phases     ] GC(12)   Other: 1,0ms
[2024-09-27T11:34:14.168+0200][gc,heap       ] GC(12) Eden regions: 79->0(103)
[2024-09-27T11:34:14.168+0200][gc,heap       ] GC(12) Survivor regions: 4->4(11)
[2024-09-27T11:34:14.168+0200][gc,heap       ] GC(12) Old regions: 18->18
[2024-09-27T11:34:14.168+0200][gc,heap       ] GC(12) Humongous regions: 129->129
[2024-09-27T11:34:14.168+0200][gc,metaspace  ] GC(12) Metaspace: 45483K(48512K)->45483K(48512K) NonClass: 39611K(41216K)->39611K(41216K) Class: 5871K(7296K)->5871K(7296K)
[2024-09-27T11:34:14.168+0200][gc            ] GC(12) Pause Young (Normal) (G1 Evacuation Pause) 229M->149M(1024M) 7,499ms
[2024-09-27T11:34:14.168+0200][gc,cpu        ] GC(12) User=0,03s Sys=0,00s Real=0,01s
[2024-09-27T12:01:50.710+0200][gc,start      ] GC(13) Pause Young (Normal) (G1 Evacuation Pause)
[2024-09-27T12:01:50.711+0200][gc,task       ] GC(13) Using 6 workers of 6 for evacuation
[2024-09-27T12:01:50.717+0200][gc,phases     ] GC(13)   Pre Evacuate Collection Set: 0,0ms
[2024-09-27T12:01:50.717+0200][gc,phases     ] GC(13)   Evacuate Collection Set: 4,5ms
[2024-09-27T12:01:50.717+0200][gc,phases     ] GC(13)   Post Evacuate Collection Set: 1,3ms
[2024-09-27T12:01:50.717+0200][gc,phases     ] GC(13)   Other: 0,4ms
[2024-09-27T12:01:50.717+0200][gc,heap       ] GC(13) Eden regions: 103->0(610)
[2024-09-27T12:01:50.717+0200][gc,heap       ] GC(13) Survivor regions: 4->4(14)
[2024-09-27T12:01:50.717+0200][gc,heap       ] GC(13) Old regions: 18->18
[2024-09-27T12:01:50.717+0200][gc,heap       ] GC(13) Humongous regions: 129->129
[2024-09-27T12:01:50.717+0200][gc,metaspace  ] GC(13) Metaspace: 45516K(48512K)->45516K(48512K) NonClass: 39644K(41216K)->39644K(41216K) Class: 5871K(7296K)->5871K(7296K)
[2024-09-27T12:01:50.717+0200][gc            ] GC(13) Pause Young (Normal) (G1 Evacuation Pause) 252M->150M(1024M) 6,411ms
[2024-09-27T12:01:50.717+0200][gc,cpu        ] GC(13) User=0,02s Sys=0,00s Real=0,00s
[2024-09-27T14:46:56.092+0200][gc,start      ] GC(14) Pause Young (Normal) (G1 Evacuation Pause)
[2024-09-27T14:46:56.093+0200][gc,task       ] GC(14) Using 6 workers of 6 for evacuation
[2024-09-27T14:46:56.102+0200][gc,phases     ] GC(14)   Pre Evacuate Collection Set: 0,6ms
[2024-09-27T14:46:56.102+0200][gc,phases     ] GC(14)   Evacuate Collection Set: 5,6ms
[2024-09-27T14:46:56.102+0200][gc,phases     ] GC(14)   Post Evacuate Collection Set: 1,6ms
[2024-09-27T14:46:56.102+0200][gc,phases     ] GC(14)   Other: 2,6ms
[2024-09-27T14:46:56.102+0200][gc,heap       ] GC(14) Eden regions: 610->0(609)
[2024-09-27T14:46:56.102+0200][gc,heap       ] GC(14) Survivor regions: 4->5(77)
[2024-09-27T14:46:56.102+0200][gc,heap       ] GC(14) Old regions: 18->18
[2024-09-27T14:46:56.102+0200][gc,heap       ] GC(14) Humongous regions: 129->129
[2024-09-27T14:46:56.102+0200][gc,metaspace  ] GC(14) Metaspace: 45627K(48768K)->45627K(48768K) NonClass: 39755K(41472K)->39755K(41472K) Class: 5872K(7296K)->5872K(7296K)
[2024-09-27T14:46:56.102+0200][gc            ] GC(14) Pause Young (Normal) (G1 Evacuation Pause) 760M->151M(1024M) 9,457ms
[2024-09-27T14:46:56.102+0200][gc,cpu        ] GC(14) User=0,01s Sys=0,01s Real=0,01s
[2024-09-27T16:49:07.548+0200][gc,start      ] GC(15) Pause Young (Normal) (G1 Evacuation Pause)
[2024-09-27T16:49:07.549+0200][gc,task       ] GC(15) Using 6 workers of 6 for evacuation
[2024-09-27T16:49:07.564+0200][gc,phases     ] GC(15)   Pre Evacuate Collection Set: 0,1ms
[2024-09-27T16:49:07.564+0200][gc,phases     ] GC(15)   Evacuate Collection Set: 7,5ms
[2024-09-27T16:49:07.564+0200][gc,phases     ] GC(15)   Post Evacuate Collection Set: 7,4ms
[2024-09-27T16:49:07.564+0200][gc,phases     ] GC(15)   Other: 0,4ms
[2024-09-27T16:49:07.564+0200][gc,heap       ] GC(15) Eden regions: 301->0(419)
[2024-09-27T16:49:07.564+0200][gc,heap       ] GC(15) Survivor regions: 5->4(39)
[2024-09-27T16:49:07.564+0200][gc,heap       ] GC(15) Old regions: 18->18
[2024-09-27T16:49:07.564+0200][gc,heap       ] GC(15) Humongous regions: 129->129
[2024-09-27T16:49:07.564+0200][gc,metaspace  ] GC(15) Metaspace: 46349K(49536K)->46349K(49536K) NonClass: 40315K(41984K)->40315K(41984K) Class: 6034K(7552K)->6034K(7552K)
[2024-09-27T16:49:07.564+0200][gc            ] GC(15) Pause Young (Normal) (G1 Evacuation Pause) 452M->150M(1024M) 15,528ms
[2024-09-27T16:49:07.564+0200][gc,cpu        ] GC(15) User=0,00s Sys=0,04s Real=0,01s
[2024-09-27T16:49:08.467+0200][gc,heap,exit  ] Heap
[2024-09-27T16:49:08.467+0200][gc,heap,exit  ]  garbage-first heap   total 1048576K, used 160436K [0x00000000c0000000, 0x0000000100000000)
[2024-09-27T16:49:08.467+0200][gc,heap,exit  ]   region size 1024K, 11 young (11264K), 4 survivors (4096K)
[2024-09-27T16:49:08.467+0200][gc,heap,exit  ]  Metaspace       used 46833K, capacity 49896K, committed 50176K, reserved 1091584K
[2024-09-27T16:49:08.467+0200][gc,heap,exit  ]   class space    used 6123K, capacity 7588K, committed 7680K, reserved 1048576K
