[2024-09-27T17:40:53.331+0200][gc,heap] Heap region size: 1M
[2024-09-27T17:40:53.345+0200][gc     ] Using G1
[2024-09-27T17:40:53.345+0200][gc,heap,coops] Heap address: 0x00000000c0000000, size: 1024 MB, Compressed Oops mode: 32-bit
[2024-09-27T17:40:54.089+0200][gc,start     ] GC(0) Pause Young (Normal) (G1 Evacuation Pause)
[2024-09-27T17:40:54.090+0200][gc,task      ] GC(0) Using 6 workers of 6 for evacuation
[2024-09-27T17:40:54.096+0200][gc,phases    ] GC(0)   Pre Evacuate Collection Set: 0,0ms
[2024-09-27T17:40:54.096+0200][gc,phases    ] GC(0)   Evacuate Collection Set: 4,9ms
[2024-09-27T17:40:54.096+0200][gc,phases    ] GC(0)   Post Evacuate Collection Set: 0,6ms
[2024-09-27T17:40:54.096+0200][gc,phases    ] GC(0)   Other: 0,9ms
[2024-09-27T17:40:54.096+0200][gc,heap      ] GC(0) Eden regions: 51->0(44)
[2024-09-27T17:40:54.096+0200][gc,heap      ] GC(0) Survivor regions: 0->7(7)
[2024-09-27T17:40:54.096+0200][gc,heap      ] GC(0) Old regions: 0->2
[2024-09-27T17:40:54.096+0200][gc,heap      ] GC(0) Humongous regions: 0->0
[2024-09-27T17:40:54.096+0200][gc,metaspace ] GC(0) Metaspace: 13227K(13952K)->13227K(13952K) NonClass: 11573K(12032K)->11573K(12032K) Class: 1653K(1920K)->1653K(1920K)
[2024-09-27T17:40:54.096+0200][gc           ] GC(0) Pause Young (Normal) (G1 Evacuation Pause) 51M->8M(1024M) 6,593ms
[2024-09-27T17:40:54.096+0200][gc,cpu       ] GC(0) User=0,02s Sys=0,01s Real=0,00s
[2024-09-27T17:40:54.725+0200][gc,start     ] GC(1) Pause Young (Concurrent Start) (Metadata GC Threshold)
[2024-09-27T17:40:54.725+0200][gc,task      ] GC(1) Using 6 workers of 6 for evacuation
[2024-09-27T17:40:54.732+0200][gc,phases    ] GC(1)   Pre Evacuate Collection Set: 0,1ms
[2024-09-27T17:40:54.732+0200][gc,phases    ] GC(1)   Evacuate Collection Set: 6,3ms
[2024-09-27T17:40:54.732+0200][gc,phases    ] GC(1)   Post Evacuate Collection Set: 0,7ms
[2024-09-27T17:40:54.732+0200][gc,phases    ] GC(1)   Other: 0,2ms
[2024-09-27T17:40:54.732+0200][gc,heap      ] GC(1) Eden regions: 36->0(49)
[2024-09-27T17:40:54.732+0200][gc,heap      ] GC(1) Survivor regions: 7->2(7)
[2024-09-27T17:40:54.732+0200][gc,heap      ] GC(1) Old regions: 2->8
[2024-09-27T17:40:54.732+0200][gc,heap      ] GC(1) Humongous regions: 0->0
[2024-09-27T17:40:54.732+0200][gc,metaspace ] GC(1) Metaspace: 20606K(21248K)->20606K(21248K) NonClass: 18068K(18432K)->18068K(18432K) Class: 2537K(2816K)->2537K(2816K)
[2024-09-27T17:40:54.732+0200][gc           ] GC(1) Pause Young (Concurrent Start) (Metadata GC Threshold) 43M->9M(1024M) 7,461ms
[2024-09-27T17:40:54.732+0200][gc,cpu       ] GC(1) User=0,02s Sys=0,01s Real=0,01s
[2024-09-27T17:40:54.732+0200][gc           ] GC(2) Concurrent Cycle
[2024-09-27T17:40:54.732+0200][gc,marking   ] GC(2) Concurrent Clear Claimed Marks
[2024-09-27T17:40:54.732+0200][gc,marking   ] GC(2) Concurrent Clear Claimed Marks 0,040ms
[2024-09-27T17:40:54.732+0200][gc,marking   ] GC(2) Concurrent Scan Root Regions
[2024-09-27T17:40:54.734+0200][gc,marking   ] GC(2) Concurrent Scan Root Regions 1,378ms
[2024-09-27T17:40:54.734+0200][gc,marking   ] GC(2) Concurrent Mark (1,407s)
[2024-09-27T17:40:54.734+0200][gc,marking   ] GC(2) Concurrent Mark From Roots
[2024-09-27T17:40:54.734+0200][gc,task      ] GC(2) Using 2 workers of 2 for marking
[2024-09-27T17:40:54.739+0200][gc,marking   ] GC(2) Concurrent Mark From Roots 4,778ms
[2024-09-27T17:40:54.739+0200][gc,marking   ] GC(2) Concurrent Preclean
[2024-09-27T17:40:54.739+0200][gc,marking   ] GC(2) Concurrent Preclean 0,138ms
[2024-09-27T17:40:54.739+0200][gc,marking   ] GC(2) Concurrent Mark (1,407s, 1,412s) 4,971ms
[2024-09-27T17:40:54.739+0200][gc,start     ] GC(2) Pause Remark
[2024-09-27T17:40:54.741+0200][gc,stringtable] GC(2) Cleaned string and symbol table, strings: 9655 processed, 0 removed, symbols: 54537 processed, 46 removed
[2024-09-27T17:40:54.741+0200][gc            ] GC(2) Pause Remark 10M->10M(1024M) 1,873ms
[2024-09-27T17:40:54.741+0200][gc,cpu        ] GC(2) User=0,01s Sys=0,00s Real=0,01s
[2024-09-27T17:40:54.741+0200][gc,marking    ] GC(2) Concurrent Rebuild Remembered Sets
[2024-09-27T17:40:54.743+0200][gc,marking    ] GC(2) Concurrent Rebuild Remembered Sets 2,006ms
[2024-09-27T17:40:54.743+0200][gc,start      ] GC(2) Pause Cleanup
[2024-09-27T17:40:54.743+0200][gc            ] GC(2) Pause Cleanup 10M->10M(1024M) 0,155ms
[2024-09-27T17:40:54.743+0200][gc,cpu        ] GC(2) User=0,00s Sys=0,00s Real=0,00s
[2024-09-27T17:40:54.743+0200][gc,marking    ] GC(2) Concurrent Cleanup for Next Mark
[2024-09-27T17:40:54.746+0200][gc,marking    ] GC(2) Concurrent Cleanup for Next Mark 2,946ms
[2024-09-27T17:40:54.746+0200][gc            ] GC(2) Concurrent Cycle 13,815ms
[2024-09-27T17:40:55.400+0200][gc,start      ] GC(3) Pause Young (Normal) (G1 Evacuation Pause)
[2024-09-27T17:40:55.400+0200][gc,task       ] GC(3) Using 6 workers of 6 for evacuation
[2024-09-27T17:40:55.404+0200][gc,phases     ] GC(3)   Pre Evacuate Collection Set: 0,0ms
[2024-09-27T17:40:55.404+0200][gc,phases     ] GC(3)   Evacuate Collection Set: 2,7ms
[2024-09-27T17:40:55.404+0200][gc,phases     ] GC(3)   Post Evacuate Collection Set: 0,5ms
[2024-09-27T17:40:55.404+0200][gc,phases     ] GC(3)   Other: 0,2ms
[2024-09-27T17:40:55.404+0200][gc,heap       ] GC(3) Eden regions: 49->0(47)
[2024-09-27T17:40:55.404+0200][gc,heap       ] GC(3) Survivor regions: 2->4(7)
[2024-09-27T17:40:55.404+0200][gc,heap       ] GC(3) Old regions: 8->8
[2024-09-27T17:40:55.404+0200][gc,heap       ] GC(3) Humongous regions: 129->129
[2024-09-27T17:40:55.404+0200][gc,metaspace  ] GC(3) Metaspace: 27733K(28928K)->27733K(28928K) NonClass: 24453K(25088K)->24453K(25088K) Class: 3280K(3840K)->3280K(3840K)
[2024-09-27T17:40:55.404+0200][gc            ] GC(3) Pause Young (Normal) (G1 Evacuation Pause) 187M->140M(1024M) 3,564ms
[2024-09-27T17:40:55.404+0200][gc,cpu        ] GC(3) User=0,01s Sys=0,00s Real=0,00s
[2024-09-27T17:40:55.782+0200][gc,start      ] GC(4) Pause Young (Concurrent Start) (Metadata GC Threshold)
[2024-09-27T17:40:55.782+0200][gc,task       ] GC(4) Using 6 workers of 6 for evacuation
[2024-09-27T17:40:55.788+0200][gc,phases     ] GC(4)   Pre Evacuate Collection Set: 0,1ms
[2024-09-27T17:40:55.788+0200][gc,phases     ] GC(4)   Evacuate Collection Set: 4,9ms
[2024-09-27T17:40:55.788+0200][gc,phases     ] GC(4)   Post Evacuate Collection Set: 0,6ms
[2024-09-27T17:40:55.788+0200][gc,phases     ] GC(4)   Other: 0,2ms
[2024-09-27T17:40:55.788+0200][gc,heap       ] GC(4) Eden regions: 46->0(44)
[2024-09-27T17:40:55.788+0200][gc,heap       ] GC(4) Survivor regions: 4->7(7)
[2024-09-27T17:40:55.788+0200][gc,heap       ] GC(4) Old regions: 8->9
[2024-09-27T17:40:55.788+0200][gc,heap       ] GC(4) Humongous regions: 129->129
[2024-09-27T17:40:55.788+0200][gc,metaspace  ] GC(4) Metaspace: 34543K(35840K)->34543K(35840K) NonClass: 30519K(31232K)->30519K(31232K) Class: 4024K(4608K)->4024K(4608K)
[2024-09-27T17:40:55.788+0200][gc            ] GC(4) Pause Young (Concurrent Start) (Metadata GC Threshold) 186M->144M(1024M) 6,043ms
[2024-09-27T17:40:55.788+0200][gc,cpu        ] GC(4) User=0,02s Sys=0,01s Real=0,00s
[2024-09-27T17:40:55.788+0200][gc            ] GC(5) Concurrent Cycle
[2024-09-27T17:40:55.788+0200][gc,marking    ] GC(5) Concurrent Clear Claimed Marks
[2024-09-27T17:40:55.788+0200][gc,marking    ] GC(5) Concurrent Clear Claimed Marks 0,122ms
[2024-09-27T17:40:55.788+0200][gc,marking    ] GC(5) Concurrent Scan Root Regions
[2024-09-27T17:40:55.790+0200][gc,marking    ] GC(5) Concurrent Scan Root Regions 2,019ms
[2024-09-27T17:40:55.790+0200][gc,marking    ] GC(5) Concurrent Mark (2,464s)
[2024-09-27T17:40:55.790+0200][gc,marking    ] GC(5) Concurrent Mark From Roots
[2024-09-27T17:40:55.790+0200][gc,task       ] GC(5) Using 2 workers of 2 for marking
[2024-09-27T17:40:55.794+0200][gc,marking    ] GC(5) Concurrent Mark From Roots 3,940ms
[2024-09-27T17:40:55.794+0200][gc,marking    ] GC(5) Concurrent Preclean
[2024-09-27T17:40:55.794+0200][gc,marking    ] GC(5) Concurrent Preclean 0,083ms
[2024-09-27T17:40:55.794+0200][gc,marking    ] GC(5) Concurrent Mark (2,464s, 2,468s) 4,070ms
[2024-09-27T17:40:55.796+0200][gc,start      ] GC(5) Pause Remark
[2024-09-27T17:40:55.801+0200][gc,stringtable] GC(5) Cleaned string and symbol table, strings: 14201 processed, 9 removed, symbols: 85302 processed, 16 removed
[2024-09-27T17:40:55.803+0200][gc            ] GC(5) Pause Remark 145M->145M(1024M) 6,551ms
[2024-09-27T17:40:55.803+0200][gc,cpu        ] GC(5) User=0,02s Sys=0,00s Real=0,01s
[2024-09-27T17:40:55.803+0200][gc,marking    ] GC(5) Concurrent Rebuild Remembered Sets
[2024-09-27T17:40:55.806+0200][gc,marking    ] GC(5) Concurrent Rebuild Remembered Sets 3,014ms
[2024-09-27T17:40:55.806+0200][gc,start      ] GC(5) Pause Cleanup
[2024-09-27T17:40:55.806+0200][gc            ] GC(5) Pause Cleanup 145M->145M(1024M) 0,137ms
[2024-09-27T17:40:55.806+0200][gc,cpu        ] GC(5) User=0,00s Sys=0,00s Real=0,00s
[2024-09-27T17:40:55.806+0200][gc,marking    ] GC(5) Concurrent Cleanup for Next Mark
[2024-09-27T17:40:55.810+0200][gc,marking    ] GC(5) Concurrent Cleanup for Next Mark 3,869ms
[2024-09-27T17:40:55.810+0200][gc            ] GC(5) Concurrent Cycle 22,174ms
[2024-09-27T17:41:38.519+0200][gc,start      ] GC(6) Pause Young (Normal) (G1 Evacuation Pause)
[2024-09-27T17:41:38.519+0200][gc,task       ] GC(6) Using 6 workers of 6 for evacuation
[2024-09-27T17:41:38.527+0200][gc,phases     ] GC(6)   Pre Evacuate Collection Set: 0,0ms
[2024-09-27T17:41:38.527+0200][gc,phases     ] GC(6)   Evacuate Collection Set: 7,3ms
[2024-09-27T17:41:38.527+0200][gc,phases     ] GC(6)   Post Evacuate Collection Set: 0,7ms
[2024-09-27T17:41:38.527+0200][gc,phases     ] GC(6)   Other: 0,3ms
[2024-09-27T17:41:38.527+0200][gc,heap       ] GC(6) Eden regions: 44->0(48)
[2024-09-27T17:41:38.527+0200][gc,heap       ] GC(6) Survivor regions: 7->3(7)
[2024-09-27T17:41:38.527+0200][gc,heap       ] GC(6) Old regions: 9->15
[2024-09-27T17:41:38.527+0200][gc,heap       ] GC(6) Humongous regions: 195->129
[2024-09-27T17:41:38.527+0200][gc,metaspace  ] GC(6) Metaspace: 41277K(43724K)->41277K(43724K) NonClass: 36063K(37376K)->36063K(37376K) Class: 5213K(6348K)->5213K(6348K)
[2024-09-27T17:41:38.527+0200][gc            ] GC(6) Pause Young (Normal) (G1 Evacuation Pause) 254M->146M(1024M) 8,453ms
[2024-09-27T17:41:38.527+0200][gc,cpu        ] GC(6) User=0,04s Sys=0,01s Real=0,01s
[2024-09-27T17:57:45.002+0200][gc,start      ] GC(7) Pause Young (Normal) (G1 Evacuation Pause)
[2024-09-27T17:57:45.002+0200][gc,task       ] GC(7) Using 6 workers of 6 for evacuation
[2024-09-27T17:57:45.005+0200][gc,phases     ] GC(7)   Pre Evacuate Collection Set: 0,0ms
[2024-09-27T17:57:45.005+0200][gc,phases     ] GC(7)   Evacuate Collection Set: 2,9ms
[2024-09-27T17:57:45.005+0200][gc,phases     ] GC(7)   Post Evacuate Collection Set: 0,6ms
[2024-09-27T17:57:45.005+0200][gc,phases     ] GC(7)   Other: 0,2ms
[2024-09-27T17:57:45.005+0200][gc,heap       ] GC(7) Eden regions: 48->0(48)
[2024-09-27T17:57:45.005+0200][gc,heap       ] GC(7) Survivor regions: 3->3(7)
[2024-09-27T17:57:45.005+0200][gc,heap       ] GC(7) Old regions: 15->15
[2024-09-27T17:57:45.005+0200][gc,heap       ] GC(7) Humongous regions: 129->129
[2024-09-27T17:57:45.006+0200][gc,metaspace  ] GC(7) Metaspace: 42431K(44876K)->42431K(44876K) NonClass: 37110K(38400K)->37110K(38400K) Class: 5320K(6476K)->5320K(6476K)
[2024-09-27T17:57:45.006+0200][gc            ] GC(7) Pause Young (Normal) (G1 Evacuation Pause) 193M->146M(1024M) 3,841ms
[2024-09-27T17:57:45.006+0200][gc,cpu        ] GC(7) User=0,02s Sys=0,00s Real=0,00s
