[2024-09-27T09:54:06.100+0200][gc,heap] Heap region size: 1M
[2024-09-27T09:54:06.108+0200][gc     ] Using G1
[2024-09-27T09:54:06.108+0200][gc,heap,coops] Heap address: 0x00000000c0000000, size: 1024 MB, Compressed Oops mode: 32-bit
[2024-09-27T09:54:06.873+0200][gc,start     ] GC(0) Pause Young (Normal) (G1 Evacuation Pause)
[2024-09-27T09:54:06.873+0200][gc,task      ] GC(0) Using 6 workers of 6 for evacuation
[2024-09-27T09:54:06.879+0200][gc,phases    ] GC(0)   Pre Evacuate Collection Set: 0,0ms
[2024-09-27T09:54:06.879+0200][gc,phases    ] GC(0)   Evacuate Collection Set: 4,8ms
[2024-09-27T09:54:06.879+0200][gc,phases    ] GC(0)   Post Evacuate Collection Set: 0,5ms
[2024-09-27T09:54:06.879+0200][gc,phases    ] GC(0)   Other: 0,5ms
[2024-09-27T09:54:06.879+0200][gc,heap      ] GC(0) Eden regions: 51->0(44)
[2024-09-27T09:54:06.879+0200][gc,heap      ] GC(0) Survivor regions: 0->7(7)
[2024-09-27T09:54:06.879+0200][gc,heap      ] GC(0) Old regions: 0->2
[2024-09-27T09:54:06.879+0200][gc,heap      ] GC(0) Humongous regions: 0->0
[2024-09-27T09:54:06.879+0200][gc,metaspace ] GC(0) Metaspace: 13187K(13568K)->13187K(13568K) NonClass: 11541K(11776K)->11541K(11776K) Class: 1645K(1792K)->1645K(1792K)
[2024-09-27T09:54:06.879+0200][gc           ] GC(0) Pause Young (Normal) (G1 Evacuation Pause) 51M->8M(1024M) 5,966ms
[2024-09-27T09:54:06.879+0200][gc,cpu       ] GC(0) User=0,02s Sys=0,01s Real=0,01s
[2024-09-27T09:54:07.503+0200][gc,start     ] GC(1) Pause Young (Concurrent Start) (Metadata GC Threshold)
[2024-09-27T09:54:07.503+0200][gc,task      ] GC(1) Using 6 workers of 6 for evacuation
[2024-09-27T09:54:07.510+0200][gc,phases    ] GC(1)   Pre Evacuate Collection Set: 0,1ms
[2024-09-27T09:54:07.510+0200][gc,phases    ] GC(1)   Evacuate Collection Set: 5,3ms
[2024-09-27T09:54:07.510+0200][gc,phases    ] GC(1)   Post Evacuate Collection Set: 0,5ms
[2024-09-27T09:54:07.510+0200][gc,phases    ] GC(1)   Other: 0,2ms
[2024-09-27T09:54:07.510+0200][gc,heap      ] GC(1) Eden regions: 36->0(49)
[2024-09-27T09:54:07.510+0200][gc,heap      ] GC(1) Survivor regions: 7->2(7)
[2024-09-27T09:54:07.510+0200][gc,heap      ] GC(1) Old regions: 2->8
[2024-09-27T09:54:07.510+0200][gc,heap      ] GC(1) Humongous regions: 0->0
[2024-09-27T09:54:07.510+0200][gc,metaspace ] GC(1) Metaspace: 20577K(21248K)->20577K(21248K) NonClass: 18034K(18432K)->18034K(18432K) Class: 2542K(2816K)->2542K(2816K)
[2024-09-27T09:54:07.510+0200][gc           ] GC(1) Pause Young (Concurrent Start) (Metadata GC Threshold) 43M->9M(1024M) 6,169ms
[2024-09-27T09:54:07.510+0200][gc,cpu       ] GC(1) User=0,02s Sys=0,00s Real=0,01s
[2024-09-27T09:54:07.510+0200][gc           ] GC(2) Concurrent Cycle
[2024-09-27T09:54:07.510+0200][gc,marking   ] GC(2) Concurrent Clear Claimed Marks
[2024-09-27T09:54:07.510+0200][gc,marking   ] GC(2) Concurrent Clear Claimed Marks 0,043ms
[2024-09-27T09:54:07.510+0200][gc,marking   ] GC(2) Concurrent Scan Root Regions
[2024-09-27T09:54:07.511+0200][gc,marking   ] GC(2) Concurrent Scan Root Regions 0,882ms
[2024-09-27T09:54:07.511+0200][gc,marking   ] GC(2) Concurrent Mark (1,413s)
[2024-09-27T09:54:07.511+0200][gc,marking   ] GC(2) Concurrent Mark From Roots
[2024-09-27T09:54:07.511+0200][gc,task      ] GC(2) Using 2 workers of 2 for marking
[2024-09-27T09:54:07.513+0200][gc,marking   ] GC(2) Concurrent Mark From Roots 2,799ms
[2024-09-27T09:54:07.513+0200][gc,marking   ] GC(2) Concurrent Preclean
[2024-09-27T09:54:07.514+0200][gc,marking   ] GC(2) Concurrent Preclean 0,079ms
[2024-09-27T09:54:07.514+0200][gc,marking   ] GC(2) Concurrent Mark (1,413s, 1,416s) 2,917ms
[2024-09-27T09:54:07.514+0200][gc,start     ] GC(2) Pause Remark
[2024-09-27T09:54:07.517+0200][gc,stringtable] GC(2) Cleaned string and symbol table, strings: 9666 processed, 0 removed, symbols: 54408 processed, 47 removed
[2024-09-27T09:54:07.517+0200][gc            ] GC(2) Pause Remark 9M->9M(1024M) 3,092ms
[2024-09-27T09:54:07.517+0200][gc,cpu        ] GC(2) User=0,01s Sys=0,00s Real=0,00s
[2024-09-27T09:54:07.517+0200][gc,marking    ] GC(2) Concurrent Rebuild Remembered Sets
[2024-09-27T09:54:07.519+0200][gc,marking    ] GC(2) Concurrent Rebuild Remembered Sets 1,849ms
[2024-09-27T09:54:07.521+0200][gc,start      ] GC(2) Pause Cleanup
[2024-09-27T09:54:07.521+0200][gc            ] GC(2) Pause Cleanup 9M->9M(1024M) 0,245ms
[2024-09-27T09:54:07.522+0200][gc,cpu        ] GC(2) User=0,00s Sys=0,00s Real=0,00s
[2024-09-27T09:54:07.522+0200][gc,marking    ] GC(2) Concurrent Cleanup for Next Mark
[2024-09-27T09:54:07.526+0200][gc,marking    ] GC(2) Concurrent Cleanup for Next Mark 4,289ms
[2024-09-27T09:54:07.526+0200][gc            ] GC(2) Concurrent Cycle 16,235ms
[2024-09-27T09:54:07.971+0200][gc,start      ] GC(3) Pause Young (Normal) (G1 Evacuation Pause)
[2024-09-27T09:54:07.971+0200][gc,task       ] GC(3) Using 6 workers of 6 for evacuation
[2024-09-27T09:54:07.975+0200][gc,phases     ] GC(3)   Pre Evacuate Collection Set: 0,0ms
[2024-09-27T09:54:07.975+0200][gc,phases     ] GC(3)   Evacuate Collection Set: 3,1ms
[2024-09-27T09:54:07.975+0200][gc,phases     ] GC(3)   Post Evacuate Collection Set: 0,5ms
[2024-09-27T09:54:07.975+0200][gc,phases     ] GC(3)   Other: 0,2ms
[2024-09-27T09:54:07.975+0200][gc,heap       ] GC(3) Eden regions: 49->0(46)
[2024-09-27T09:54:07.975+0200][gc,heap       ] GC(3) Survivor regions: 2->5(7)
[2024-09-27T09:54:07.975+0200][gc,heap       ] GC(3) Old regions: 8->8
[2024-09-27T09:54:07.975+0200][gc,heap       ] GC(3) Humongous regions: 129->129
[2024-09-27T09:54:07.975+0200][gc,metaspace  ] GC(3) Metaspace: 28700K(29692K)->28700K(29692K) NonClass: 25339K(25856K)->25339K(25856K) Class: 3360K(3836K)->3360K(3836K)
[2024-09-27T09:54:07.975+0200][gc            ] GC(3) Pause Young (Normal) (G1 Evacuation Pause) 187M->140M(1024M) 3,947ms
[2024-09-27T09:54:07.975+0200][gc,cpu        ] GC(3) User=0,02s Sys=0,00s Real=0,00s
[2024-09-27T09:54:08.274+0200][gc,start      ] GC(4) Pause Young (Concurrent Start) (Metadata GC Threshold)
[2024-09-27T09:54:08.274+0200][gc,task       ] GC(4) Using 6 workers of 6 for evacuation
[2024-09-27T09:54:08.282+0200][gc,phases     ] GC(4)   Pre Evacuate Collection Set: 0,2ms
[2024-09-27T09:54:08.283+0200][gc,phases     ] GC(4)   Evacuate Collection Set: 7,4ms
[2024-09-27T09:54:08.283+0200][gc,phases     ] GC(4)   Post Evacuate Collection Set: 0,5ms
[2024-09-27T09:54:08.283+0200][gc,phases     ] GC(4)   Other: 0,2ms
[2024-09-27T09:54:08.283+0200][gc,heap       ] GC(4) Eden regions: 36->0(44)
[2024-09-27T09:54:08.283+0200][gc,heap       ] GC(4) Survivor regions: 5->7(7)
[2024-09-27T09:54:08.283+0200][gc,heap       ] GC(4) Old regions: 8->9
[2024-09-27T09:54:08.283+0200][gc,heap       ] GC(4) Humongous regions: 129->129
[2024-09-27T09:54:08.283+0200][gc,metaspace  ] GC(4) Metaspace: 34825K(36048K)->34825K(36048K) NonClass: 30816K(31444K)->30816K(31444K) Class: 4008K(4604K)->4008K(4604K)
[2024-09-27T09:54:08.283+0200][gc            ] GC(4) Pause Young (Concurrent Start) (Metadata GC Threshold) 176M->143M(1024M) 8,362ms
[2024-09-27T09:54:08.283+0200][gc,cpu        ] GC(4) User=0,02s Sys=0,00s Real=0,01s
[2024-09-27T09:54:08.283+0200][gc            ] GC(5) Concurrent Cycle
[2024-09-27T09:54:08.283+0200][gc,marking    ] GC(5) Concurrent Clear Claimed Marks
[2024-09-27T09:54:08.283+0200][gc,marking    ] GC(5) Concurrent Clear Claimed Marks 0,026ms
[2024-09-27T09:54:08.283+0200][gc,marking    ] GC(5) Concurrent Scan Root Regions
[2024-09-27T09:54:08.284+0200][gc,marking    ] GC(5) Concurrent Scan Root Regions 1,567ms
[2024-09-27T09:54:08.284+0200][gc,marking    ] GC(5) Concurrent Mark (2,187s)
[2024-09-27T09:54:08.284+0200][gc,marking    ] GC(5) Concurrent Mark From Roots
[2024-09-27T09:54:08.284+0200][gc,task       ] GC(5) Using 2 workers of 2 for marking
[2024-09-27T09:54:08.289+0200][gc,marking    ] GC(5) Concurrent Mark From Roots 4,673ms
[2024-09-27T09:54:08.289+0200][gc,marking    ] GC(5) Concurrent Preclean
[2024-09-27T09:54:08.289+0200][gc,marking    ] GC(5) Concurrent Preclean 0,084ms
[2024-09-27T09:54:08.289+0200][gc,marking    ] GC(5) Concurrent Mark (2,187s, 2,191s) 4,808ms
[2024-09-27T09:54:08.292+0200][gc,start      ] GC(5) Pause Remark
[2024-09-27T09:54:08.295+0200][gc,stringtable] GC(5) Cleaned string and symbol table, strings: 15807 processed, 9 removed, symbols: 90421 processed, 17 removed
[2024-09-27T09:54:08.295+0200][gc            ] GC(5) Pause Remark 144M->144M(1024M) 2,955ms
[2024-09-27T09:54:08.295+0200][gc,cpu        ] GC(5) User=0,01s Sys=0,00s Real=0,00s
[2024-09-27T09:54:08.295+0200][gc,marking    ] GC(5) Concurrent Rebuild Remembered Sets
[2024-09-27T09:54:08.299+0200][gc,marking    ] GC(5) Concurrent Rebuild Remembered Sets 4,335ms
[2024-09-27T09:54:08.300+0200][gc,start      ] GC(5) Pause Cleanup
[2024-09-27T09:54:08.301+0200][gc            ] GC(5) Pause Cleanup 144M->144M(1024M) 0,166ms
[2024-09-27T09:54:08.301+0200][gc,cpu        ] GC(5) User=0,00s Sys=0,00s Real=0,00s
[2024-09-27T09:54:08.301+0200][gc,marking    ] GC(5) Concurrent Cleanup for Next Mark
[2024-09-27T09:54:08.305+0200][gc,marking    ] GC(5) Concurrent Cleanup for Next Mark 4,664ms
[2024-09-27T09:54:08.305+0200][gc            ] GC(5) Concurrent Cycle 22,769ms
[2024-09-27T10:01:08.111+0200][gc,start      ] GC(6) Pause Young (Normal) (G1 Evacuation Pause)
[2024-09-27T10:01:08.111+0200][gc,task       ] GC(6) Using 6 workers of 6 for evacuation
[2024-09-27T10:01:08.119+0200][gc,phases     ] GC(6)   Pre Evacuate Collection Set: 0,0ms
[2024-09-27T10:01:08.119+0200][gc,phases     ] GC(6)   Evacuate Collection Set: 6,8ms
[2024-09-27T10:01:08.119+0200][gc,phases     ] GC(6)   Post Evacuate Collection Set: 0,8ms
[2024-09-27T10:01:08.119+0200][gc,phases     ] GC(6)   Other: 0,4ms
[2024-09-27T10:01:08.119+0200][gc,heap       ] GC(6) Eden regions: 44->0(46)
[2024-09-27T10:01:08.119+0200][gc,heap       ] GC(6) Survivor regions: 7->5(7)
[2024-09-27T10:01:08.119+0200][gc,heap       ] GC(6) Old regions: 9->12
[2024-09-27T10:01:08.119+0200][gc,heap       ] GC(6) Humongous regions: 129->129
[2024-09-27T10:01:08.119+0200][gc,metaspace  ] GC(6) Metaspace: 41517K(43984K)->41517K(43984K) NonClass: 36100K(37332K)->36100K(37332K) Class: 5417K(6652K)->5417K(6652K)
[2024-09-27T10:01:08.119+0200][gc            ] GC(6) Pause Young (Normal) (G1 Evacuation Pause) 187M->145M(1024M) 8,174ms
[2024-09-27T10:01:08.119+0200][gc,cpu        ] GC(6) User=0,01s Sys=0,01s Real=0,01s
[2024-09-27T10:01:08.317+0200][gc,heap,exit  ] Heap
[2024-09-27T10:01:08.317+0200][gc,heap,exit  ]  garbage-first heap   total 1048576K, used 154892K [0x00000000c0000000, 0x0000000100000000)
[2024-09-27T10:01:08.317+0200][gc,heap,exit  ]   region size 1024K, 12 young (12288K), 5 survivors (5120K)
[2024-09-27T10:01:08.317+0200][gc,heap,exit  ]  Metaspace       used 42219K, capacity 44616K, committed 44880K, reserved 1087488K
[2024-09-27T10:01:08.317+0200][gc,heap,exit  ]   class space    used 5553K, capacity 6739K, committed 6780K, reserved 1048576K
