[2024-09-25T14:06:45.161+0200][gc,heap] Heap region size: 1M
[2024-09-25T14:06:45.174+0200][gc     ] Using G1
[2024-09-25T14:06:45.174+0200][gc,heap,coops] Heap address: 0x00000000c0000000, size: 1024 MB, Compressed Oops mode: 32-bit
[2024-09-25T14:06:45.858+0200][gc,start     ] GC(0) Pause Young (Normal) (G1 Evacuation Pause)
[2024-09-25T14:06:45.859+0200][gc,task      ] GC(0) Using 6 workers of 6 for evacuation
[2024-09-25T14:06:45.864+0200][gc,phases    ] GC(0)   Pre Evacuate Collection Set: 0,0ms
[2024-09-25T14:06:45.864+0200][gc,phases    ] GC(0)   Evacuate Collection Set: 4,7ms
[2024-09-25T14:06:45.864+0200][gc,phases    ] GC(0)   Post Evacuate Collection Set: 0,7ms
[2024-09-25T14:06:45.864+0200][gc,phases    ] GC(0)   Other: 0,8ms
[2024-09-25T14:06:45.864+0200][gc,heap      ] GC(0) Eden regions: 51->0(44)
[2024-09-25T14:06:45.864+0200][gc,heap      ] GC(0) Survivor regions: 0->7(7)
[2024-09-25T14:06:45.864+0200][gc,heap      ] GC(0) Old regions: 0->1
[2024-09-25T14:06:45.864+0200][gc,heap      ] GC(0) Humongous regions: 0->0
[2024-09-25T14:06:45.864+0200][gc,metaspace ] GC(0) Metaspace: 13188K(13824K)->13188K(13824K) NonClass: 11551K(12032K)->11551K(12032K) Class: 1636K(1792K)->1636K(1792K)
[2024-09-25T14:06:45.864+0200][gc           ] GC(0) Pause Young (Normal) (G1 Evacuation Pause) 51M->7M(1024M) 6,381ms
[2024-09-25T14:06:45.864+0200][gc,cpu       ] GC(0) User=0,02s Sys=0,01s Real=0,01s
[2024-09-25T14:06:46.276+0200][gc,start     ] GC(1) Pause Young (Concurrent Start) (Metadata GC Threshold)
[2024-09-25T14:06:46.276+0200][gc,task      ] GC(1) Using 6 workers of 6 for evacuation
[2024-09-25T14:06:46.283+0200][gc,phases    ] GC(1)   Pre Evacuate Collection Set: 0,1ms
[2024-09-25T14:06:46.283+0200][gc,phases    ] GC(1)   Evacuate Collection Set: 6,5ms
[2024-09-25T14:06:46.283+0200][gc,phases    ] GC(1)   Post Evacuate Collection Set: 0,5ms
[2024-09-25T14:06:46.283+0200][gc,phases    ] GC(1)   Other: 0,3ms
[2024-09-25T14:06:46.283+0200][gc,heap      ] GC(1) Eden regions: 36->0(49)
[2024-09-25T14:06:46.283+0200][gc,heap      ] GC(1) Survivor regions: 7->2(7)
[2024-09-25T14:06:46.283+0200][gc,heap      ] GC(1) Old regions: 1->8
[2024-09-25T14:06:46.283+0200][gc,heap      ] GC(1) Humongous regions: 0->0
[2024-09-25T14:06:46.283+0200][gc,metaspace ] GC(1) Metaspace: 20562K(21248K)->20562K(21248K) NonClass: 18019K(18432K)->18019K(18432K) Class: 2542K(2816K)->2542K(2816K)
[2024-09-25T14:06:46.283+0200][gc           ] GC(1) Pause Young (Concurrent Start) (Metadata GC Threshold) 43M->8M(1024M) 7,562ms
[2024-09-25T14:06:46.283+0200][gc,cpu       ] GC(1) User=0,03s Sys=0,01s Real=0,01s
[2024-09-25T14:06:46.283+0200][gc           ] GC(2) Concurrent Cycle
[2024-09-25T14:06:46.283+0200][gc,marking   ] GC(2) Concurrent Clear Claimed Marks
[2024-09-25T14:06:46.283+0200][gc,marking   ] GC(2) Concurrent Clear Claimed Marks 0,021ms
[2024-09-25T14:06:46.283+0200][gc,marking   ] GC(2) Concurrent Scan Root Regions
[2024-09-25T14:06:46.285+0200][gc,marking   ] GC(2) Concurrent Scan Root Regions 1,248ms
[2024-09-25T14:06:46.285+0200][gc,marking   ] GC(2) Concurrent Mark (1,128s)
[2024-09-25T14:06:46.285+0200][gc,marking   ] GC(2) Concurrent Mark From Roots
[2024-09-25T14:06:46.285+0200][gc,task      ] GC(2) Using 2 workers of 2 for marking
[2024-09-25T14:06:46.289+0200][gc,marking   ] GC(2) Concurrent Mark From Roots 4,318ms
[2024-09-25T14:06:46.289+0200][gc,marking   ] GC(2) Concurrent Preclean
[2024-09-25T14:06:46.289+0200][gc,marking   ] GC(2) Concurrent Preclean 0,075ms
[2024-09-25T14:06:46.289+0200][gc,marking   ] GC(2) Concurrent Mark (1,128s, 1,133s) 4,437ms
[2024-09-25T14:06:46.289+0200][gc,start     ] GC(2) Pause Remark
[2024-09-25T14:06:46.292+0200][gc,stringtable] GC(2) Cleaned string and symbol table, strings: 9664 processed, 0 removed, symbols: 54683 processed, 46 removed
[2024-09-25T14:06:46.292+0200][gc            ] GC(2) Pause Remark 9M->9M(1024M) 2,529ms
[2024-09-25T14:06:46.292+0200][gc,cpu        ] GC(2) User=0,01s Sys=0,00s Real=0,01s
[2024-09-25T14:06:46.292+0200][gc,marking    ] GC(2) Concurrent Rebuild Remembered Sets
[2024-09-25T14:06:46.294+0200][gc,marking    ] GC(2) Concurrent Rebuild Remembered Sets 2,396ms
[2024-09-25T14:06:46.294+0200][gc,start      ] GC(2) Pause Cleanup
[2024-09-25T14:06:46.295+0200][gc            ] GC(2) Pause Cleanup 9M->9M(1024M) 0,249ms
[2024-09-25T14:06:46.295+0200][gc,cpu        ] GC(2) User=0,00s Sys=0,00s Real=0,00s
[2024-09-25T14:06:46.295+0200][gc,marking    ] GC(2) Concurrent Cleanup for Next Mark
[2024-09-25T14:06:46.298+0200][gc,marking    ] GC(2) Concurrent Cleanup for Next Mark 3,082ms
[2024-09-25T14:06:46.298+0200][gc            ] GC(2) Concurrent Cycle 14,367ms
[2024-09-25T14:06:46.763+0200][gc,start      ] GC(3) Pause Young (Normal) (G1 Evacuation Pause)
[2024-09-25T14:06:46.763+0200][gc,task       ] GC(3) Using 6 workers of 6 for evacuation
[2024-09-25T14:06:46.768+0200][gc,phases     ] GC(3)   Pre Evacuate Collection Set: 0,0ms
[2024-09-25T14:06:46.768+0200][gc,phases     ] GC(3)   Evacuate Collection Set: 3,9ms
[2024-09-25T14:06:46.768+0200][gc,phases     ] GC(3)   Post Evacuate Collection Set: 0,4ms
[2024-09-25T14:06:46.768+0200][gc,phases     ] GC(3)   Other: 0,2ms
[2024-09-25T14:06:46.768+0200][gc,heap       ] GC(3) Eden regions: 49->0(46)
[2024-09-25T14:06:46.768+0200][gc,heap       ] GC(3) Survivor regions: 2->5(7)
[2024-09-25T14:06:46.768+0200][gc,heap       ] GC(3) Old regions: 8->8
[2024-09-25T14:06:46.768+0200][gc,heap       ] GC(3) Humongous regions: 129->129
[2024-09-25T14:06:46.768+0200][gc,metaspace  ] GC(3) Metaspace: 28715K(29948K)->28715K(29948K) NonClass: 25355K(26112K)->25355K(26112K) Class: 3360K(3836K)->3360K(3836K)
[2024-09-25T14:06:46.768+0200][gc            ] GC(3) Pause Young (Normal) (G1 Evacuation Pause) 186M->140M(1024M) 4,595ms
[2024-09-25T14:06:46.768+0200][gc,cpu        ] GC(3) User=0,01s Sys=0,00s Real=0,00s
[2024-09-25T14:06:47.079+0200][gc,start      ] GC(4) Pause Young (Concurrent Start) (Metadata GC Threshold)
[2024-09-25T14:06:47.079+0200][gc,task       ] GC(4) Using 6 workers of 6 for evacuation
[2024-09-25T14:06:47.086+0200][gc,phases     ] GC(4)   Pre Evacuate Collection Set: 0,1ms
[2024-09-25T14:06:47.087+0200][gc,phases     ] GC(4)   Evacuate Collection Set: 6,6ms
[2024-09-25T14:06:47.087+0200][gc,phases     ] GC(4)   Post Evacuate Collection Set: 0,4ms
[2024-09-25T14:06:47.087+0200][gc,phases     ] GC(4)   Other: 0,2ms
[2024-09-25T14:06:47.087+0200][gc,heap       ] GC(4) Eden regions: 35->0(44)
[2024-09-25T14:06:47.087+0200][gc,heap       ] GC(4) Survivor regions: 5->7(7)
[2024-09-25T14:06:47.087+0200][gc,heap       ] GC(4) Old regions: 8->9
[2024-09-25T14:06:47.087+0200][gc,heap       ] GC(4) Humongous regions: 129->129
[2024-09-25T14:06:47.087+0200][gc,metaspace  ] GC(4) Metaspace: 34702K(36048K)->34702K(36048K) NonClass: 30701K(31444K)->30701K(31444K) Class: 4000K(4604K)->4000K(4604K)
[2024-09-25T14:06:47.087+0200][gc            ] GC(4) Pause Young (Concurrent Start) (Metadata GC Threshold) 175M->143M(1024M) 7,468ms
[2024-09-25T14:06:47.087+0200][gc,cpu        ] GC(4) User=0,02s Sys=0,00s Real=0,01s
[2024-09-25T14:06:47.087+0200][gc            ] GC(5) Concurrent Cycle
[2024-09-25T14:06:47.087+0200][gc,marking    ] GC(5) Concurrent Clear Claimed Marks
[2024-09-25T14:06:47.087+0200][gc,marking    ] GC(5) Concurrent Clear Claimed Marks 0,087ms
[2024-09-25T14:06:47.087+0200][gc,marking    ] GC(5) Concurrent Scan Root Regions
[2024-09-25T14:06:47.089+0200][gc,marking    ] GC(5) Concurrent Scan Root Regions 1,760ms
[2024-09-25T14:06:47.089+0200][gc,marking    ] GC(5) Concurrent Mark (1,932s)
[2024-09-25T14:06:47.089+0200][gc,marking    ] GC(5) Concurrent Mark From Roots
[2024-09-25T14:06:47.089+0200][gc,task       ] GC(5) Using 2 workers of 2 for marking
[2024-09-25T14:06:47.093+0200][gc,marking    ] GC(5) Concurrent Mark From Roots 4,932ms
[2024-09-25T14:06:47.094+0200][gc,marking    ] GC(5) Concurrent Preclean
[2024-09-25T14:06:47.094+0200][gc,marking    ] GC(5) Concurrent Preclean 0,090ms
[2024-09-25T14:06:47.094+0200][gc,marking    ] GC(5) Concurrent Mark (1,932s, 1,937s) 5,080ms
[2024-09-25T14:06:47.094+0200][gc,start      ] GC(5) Pause Remark
[2024-09-25T14:06:47.097+0200][gc,stringtable] GC(5) Cleaned string and symbol table, strings: 15805 processed, 9 removed, symbols: 89995 processed, 17 removed
[2024-09-25T14:06:47.097+0200][gc            ] GC(5) Pause Remark 144M->144M(1024M) 2,424ms
[2024-09-25T14:06:47.097+0200][gc,cpu        ] GC(5) User=0,01s Sys=0,00s Real=0,00s
[2024-09-25T14:06:47.097+0200][gc,marking    ] GC(5) Concurrent Rebuild Remembered Sets
[2024-09-25T14:06:47.113+0200][gc,marking    ] GC(5) Concurrent Rebuild Remembered Sets 16,232ms
[2024-09-25T14:06:47.113+0200][gc,start      ] GC(5) Pause Cleanup
[2024-09-25T14:06:47.114+0200][gc            ] GC(5) Pause Cleanup 145M->145M(1024M) 0,243ms
[2024-09-25T14:06:47.114+0200][gc,cpu        ] GC(5) User=0,00s Sys=0,00s Real=0,00s
[2024-09-25T14:06:47.114+0200][gc,marking    ] GC(5) Concurrent Cleanup for Next Mark
[2024-09-25T14:06:47.124+0200][gc,marking    ] GC(5) Concurrent Cleanup for Next Mark 10,061ms
[2024-09-25T14:06:47.124+0200][gc            ] GC(5) Concurrent Cycle 37,085ms
[2024-09-25T14:26:15.090+0200][gc,start      ] GC(6) Pause Young (Normal) (G1 Evacuation Pause)
[2024-09-25T14:26:15.090+0200][gc,task       ] GC(6) Using 6 workers of 6 for evacuation
[2024-09-25T14:26:15.097+0200][gc,phases     ] GC(6)   Pre Evacuate Collection Set: 0,0ms
[2024-09-25T14:26:15.097+0200][gc,phases     ] GC(6)   Evacuate Collection Set: 5,3ms
[2024-09-25T14:26:15.097+0200][gc,phases     ] GC(6)   Post Evacuate Collection Set: 1,0ms
[2024-09-25T14:26:15.097+0200][gc,phases     ] GC(6)   Other: 0,3ms
[2024-09-25T14:26:15.097+0200][gc,heap       ] GC(6) Eden regions: 44->0(46)
[2024-09-25T14:26:15.097+0200][gc,heap       ] GC(6) Survivor regions: 7->5(7)
[2024-09-25T14:26:15.097+0200][gc,heap       ] GC(6) Old regions: 9->12
[2024-09-25T14:26:15.097+0200][gc,heap       ] GC(6) Humongous regions: 129->129
[2024-09-25T14:26:15.097+0200][gc,metaspace  ] GC(6) Metaspace: 40840K(43216K)->40840K(43216K) NonClass: 35588K(36820K)->35588K(36820K) Class: 5252K(6396K)->5252K(6396K)
[2024-09-25T14:26:15.097+0200][gc            ] GC(6) Pause Young (Normal) (G1 Evacuation Pause) 187M->145M(1024M) 6,774ms
[2024-09-25T14:26:15.097+0200][gc,cpu        ] GC(6) User=0,03s Sys=0,00s Real=0,00s
[2024-09-25T15:26:38.013+0200][gc,start      ] GC(7) Pause Young (Normal) (G1 Evacuation Pause)
[2024-09-25T15:26:38.013+0200][gc,task       ] GC(7) Using 6 workers of 6 for evacuation
[2024-09-25T15:26:38.039+0200][gc,mmu        ] GC(7) MMU target violated: 21,0ms (20,0ms/21,0ms)
[2024-09-25T15:26:38.039+0200][gc,phases     ] GC(7)   Pre Evacuate Collection Set: 0,4ms
[2024-09-25T15:26:38.039+0200][gc,phases     ] GC(7)   Evacuate Collection Set: 22,0ms
[2024-09-25T15:26:38.039+0200][gc,phases     ] GC(7)   Post Evacuate Collection Set: 3,1ms
[2024-09-25T15:26:38.039+0200][gc,phases     ] GC(7)   Other: 0,9ms
[2024-09-25T15:26:38.039+0200][gc,heap       ] GC(7) Eden regions: 46->0(48)
[2024-09-25T15:26:38.039+0200][gc,heap       ] GC(7) Survivor regions: 5->3(7)
[2024-09-25T15:26:38.039+0200][gc,heap       ] GC(7) Old regions: 12->15
[2024-09-25T15:26:38.039+0200][gc,heap       ] GC(7) Humongous regions: 129->129
[2024-09-25T15:26:38.039+0200][gc,metaspace  ] GC(7) Metaspace: 41345K(43728K)->41345K(43728K) NonClass: 36077K(37332K)->36077K(37332K) Class: 5267K(6396K)->5267K(6396K)
[2024-09-25T15:26:38.039+0200][gc            ] GC(7) Pause Young (Normal) (G1 Evacuation Pause) 191M->145M(1024M) 26,446ms
[2024-09-25T15:26:38.039+0200][gc,cpu        ] GC(7) User=0,07s Sys=0,01s Real=0,03s
[2024-09-25T16:30:40.678+0200][gc,start      ] GC(8) Pause Young (Normal) (G1 Evacuation Pause)
[2024-09-25T16:30:40.684+0200][gc,task       ] GC(8) Using 6 workers of 6 for evacuation
[2024-09-25T16:30:40.690+0200][gc,phases     ] GC(8)   Pre Evacuate Collection Set: 0,0ms
[2024-09-25T16:30:40.690+0200][gc,phases     ] GC(8)   Evacuate Collection Set: 3,6ms
[2024-09-25T16:30:40.690+0200][gc,phases     ] GC(8)   Post Evacuate Collection Set: 1,2ms
[2024-09-25T16:30:40.690+0200][gc,phases     ] GC(8)   Other: 6,9ms
[2024-09-25T16:30:40.690+0200][gc,heap       ] GC(8) Eden regions: 48->0(49)
[2024-09-25T16:30:40.690+0200][gc,heap       ] GC(8) Survivor regions: 3->2(7)
[2024-09-25T16:30:40.690+0200][gc,heap       ] GC(8) Old regions: 15->15
[2024-09-25T16:30:40.690+0200][gc,heap       ] GC(8) Humongous regions: 129->129
[2024-09-25T16:30:40.690+0200][gc,metaspace  ] GC(8) Metaspace: 41475K(43728K)->41475K(43728K) NonClass: 36207K(37332K)->36207K(37332K) Class: 5267K(6396K)->5267K(6396K)
[2024-09-25T16:30:40.690+0200][gc            ] GC(8) Pause Young (Normal) (G1 Evacuation Pause) 193M->145M(1024M) 11,962ms
[2024-09-25T16:30:40.690+0200][gc,cpu        ] GC(8) User=0,01s Sys=0,01s Real=0,02s
[2024-09-25T17:35:21.851+0200][gc,start      ] GC(9) Pause Young (Normal) (G1 Evacuation Pause)
[2024-09-25T17:35:21.851+0200][gc,task       ] GC(9) Using 6 workers of 6 for evacuation
[2024-09-25T17:35:21.857+0200][gc,phases     ] GC(9)   Pre Evacuate Collection Set: 0,0ms
[2024-09-25T17:35:21.857+0200][gc,phases     ] GC(9)   Evacuate Collection Set: 3,6ms
[2024-09-25T17:35:21.857+0200][gc,phases     ] GC(9)   Post Evacuate Collection Set: 1,8ms
[2024-09-25T17:35:21.857+0200][gc,phases     ] GC(9)   Other: 0,4ms
[2024-09-25T17:35:21.857+0200][gc,heap       ] GC(9) Eden regions: 49->0(53)
[2024-09-25T17:35:21.857+0200][gc,heap       ] GC(9) Survivor regions: 2->2(7)
[2024-09-25T17:35:21.857+0200][gc,heap       ] GC(9) Old regions: 15->15
[2024-09-25T17:35:21.857+0200][gc,heap       ] GC(9) Humongous regions: 129->129
[2024-09-25T17:35:21.857+0200][gc,metaspace  ] GC(9) Metaspace: 41501K(43728K)->41501K(43728K) NonClass: 36234K(37332K)->36234K(37332K) Class: 5267K(6396K)->5267K(6396K)
[2024-09-25T17:35:21.857+0200][gc            ] GC(9) Pause Young (Normal) (G1 Evacuation Pause) 194M->145M(1024M) 6,145ms
[2024-09-25T17:35:21.857+0200][gc,cpu        ] GC(9) User=0,03s Sys=0,00s Real=0,00s
[2024-09-25T18:45:59.022+0200][gc,start      ] GC(10) Pause Young (Normal) (G1 Evacuation Pause)
[2024-09-25T18:45:59.022+0200][gc,task       ] GC(10) Using 6 workers of 6 for evacuation
[2024-09-25T18:45:59.035+0200][gc,phases     ] GC(10)   Pre Evacuate Collection Set: 0,0ms
[2024-09-25T18:45:59.035+0200][gc,phases     ] GC(10)   Evacuate Collection Set: 4,0ms
[2024-09-25T18:45:59.035+0200][gc,phases     ] GC(10)   Post Evacuate Collection Set: 2,9ms
[2024-09-25T18:45:59.035+0200][gc,phases     ] GC(10)   Other: 5,9ms
[2024-09-25T18:45:59.035+0200][gc,heap       ] GC(10) Eden regions: 53->0(53)
[2024-09-25T18:45:59.035+0200][gc,heap       ] GC(10) Survivor regions: 2->2(7)
[2024-09-25T18:45:59.035+0200][gc,heap       ] GC(10) Old regions: 15->15
[2024-09-25T18:45:59.035+0200][gc,heap       ] GC(10) Humongous regions: 129->129
[2024-09-25T18:45:59.035+0200][gc,metaspace  ] GC(10) Metaspace: 41543K(43984K)->41543K(43984K) NonClass: 36275K(37588K)->36275K(37588K) Class: 5267K(6396K)->5267K(6396K)
[2024-09-25T18:45:59.035+0200][gc            ] GC(10) Pause Young (Normal) (G1 Evacuation Pause) 198M->145M(1024M) 13,026ms
[2024-09-25T18:45:59.035+0200][gc,cpu        ] GC(10) User=0,02s Sys=0,00s Real=0,01s
[2024-09-25T19:27:08.870+0200][gc,start      ] GC(11) Pause Young (Normal) (G1 Evacuation Pause)
[2024-09-25T19:27:08.870+0200][gc,task       ] GC(11) Using 6 workers of 6 for evacuation
[2024-09-25T19:27:08.877+0200][gc,phases     ] GC(11)   Pre Evacuate Collection Set: 0,0ms
[2024-09-25T19:27:08.877+0200][gc,phases     ] GC(11)   Evacuate Collection Set: 4,4ms
[2024-09-25T19:27:08.877+0200][gc,phases     ] GC(11)   Post Evacuate Collection Set: 2,2ms
[2024-09-25T19:27:08.877+0200][gc,phases     ] GC(11)   Other: 0,4ms
[2024-09-25T19:27:08.877+0200][gc,heap       ] GC(11) Eden regions: 53->0(56)
[2024-09-25T19:27:08.877+0200][gc,heap       ] GC(11) Survivor regions: 2->4(7)
[2024-09-25T19:27:08.877+0200][gc,heap       ] GC(11) Old regions: 15->15
[2024-09-25T19:27:08.877+0200][gc,heap       ] GC(11) Humongous regions: 129->129
[2024-09-25T19:27:08.877+0200][gc,metaspace  ] GC(11) Metaspace: 43112K(45776K)->43112K(45776K) NonClass: 37545K(38868K)->37545K(38868K) Class: 5566K(6908K)->5566K(6908K)
[2024-09-25T19:27:08.877+0200][gc            ] GC(11) Pause Young (Normal) (G1 Evacuation Pause) 198M->146M(1024M) 7,253ms
[2024-09-25T19:27:08.877+0200][gc,cpu        ] GC(11) User=0,04s Sys=0,00s Real=0,00s
[2024-09-25T19:39:12.987+0200][gc,start      ] GC(12) Pause Young (Normal) (G1 Evacuation Pause)
[2024-09-25T19:39:12.987+0200][gc,task       ] GC(12) Using 6 workers of 6 for evacuation
[2024-09-25T19:39:13.004+0200][gc,phases     ] GC(12)   Pre Evacuate Collection Set: 0,0ms
[2024-09-25T19:39:13.004+0200][gc,phases     ] GC(12)   Evacuate Collection Set: 14,1ms
[2024-09-25T19:39:13.004+0200][gc,phases     ] GC(12)   Post Evacuate Collection Set: 2,7ms
[2024-09-25T19:39:13.004+0200][gc,phases     ] GC(12)   Other: 6,8ms
[2024-09-25T19:39:13.004+0200][gc,heap       ] GC(12) Eden regions: 56->0(64)
[2024-09-25T19:39:13.004+0200][gc,heap       ] GC(12) Survivor regions: 4->6(8)
[2024-09-25T19:39:13.004+0200][gc,heap       ] GC(12) Old regions: 15->15
[2024-09-25T19:39:13.004+0200][gc,heap       ] GC(12) Humongous regions: 129->129
[2024-09-25T19:39:13.005+0200][gc,metaspace  ] GC(12) Metaspace: 45360K(48208K)->45360K(48208K) NonClass: 39521K(40916K)->39521K(40916K) Class: 5838K(7292K)->5838K(7292K)
[2024-09-25T19:39:13.005+0200][gc            ] GC(12) Pause Young (Normal) (G1 Evacuation Pause) 202M->149M(1024M) 17,543ms
[2024-09-25T19:39:13.005+0200][gc,cpu        ] GC(12) User=0,05s Sys=0,00s Real=0,02s
[2024-09-25T20:00:07.728+0200][gc,start      ] GC(13) Pause Young (Normal) (G1 Evacuation Pause)
[2024-09-25T20:00:07.734+0200][gc,task       ] GC(13) Using 6 workers of 6 for evacuation
[2024-09-25T20:00:07.745+0200][gc,phases     ] GC(13)   Pre Evacuate Collection Set: 0,1ms
[2024-09-25T20:00:07.745+0200][gc,phases     ] GC(13)   Evacuate Collection Set: 8,5ms
[2024-09-25T20:00:07.745+0200][gc,phases     ] GC(13)   Post Evacuate Collection Set: 1,8ms
[2024-09-25T20:00:07.745+0200][gc,phases     ] GC(13)   Other: 6,4ms
[2024-09-25T20:00:07.745+0200][gc,heap       ] GC(13) Eden regions: 64->0(113)
[2024-09-25T20:00:07.745+0200][gc,heap       ] GC(13) Survivor regions: 6->5(9)
[2024-09-25T20:00:07.745+0200][gc,heap       ] GC(13) Old regions: 15->16
[2024-09-25T20:00:07.745+0200][gc,heap       ] GC(13) Humongous regions: 129->129
[2024-09-25T20:00:07.745+0200][gc,metaspace  ] GC(13) Metaspace: 45604K(48464K)->45604K(48464K) NonClass: 39730K(41172K)->39730K(41172K) Class: 5873K(7292K)->5873K(7292K)
[2024-09-25T20:00:07.745+0200][gc            ] GC(13) Pause Young (Normal) (G1 Evacuation Pause) 213M->149M(1024M) 16,788ms
[2024-09-25T20:00:07.745+0200][gc,cpu        ] GC(13) User=0,05s Sys=0,01s Real=0,01s
[2024-09-25T20:30:57.780+0200][gc,start      ] GC(14) Pause Young (Normal) (G1 Evacuation Pause)
[2024-09-25T20:30:57.780+0200][gc,task       ] GC(14) Using 6 workers of 6 for evacuation
[2024-09-25T20:30:57.788+0200][gc,phases     ] GC(14)   Pre Evacuate Collection Set: 0,0ms
[2024-09-25T20:30:57.789+0200][gc,phases     ] GC(14)   Evacuate Collection Set: 6,2ms
[2024-09-25T20:30:57.789+0200][gc,phases     ] GC(14)   Post Evacuate Collection Set: 1,6ms
[2024-09-25T20:30:57.789+0200][gc,phases     ] GC(14)   Other: 0,4ms
[2024-09-25T20:30:57.789+0200][gc,heap       ] GC(14) Eden regions: 113->0(608)
[2024-09-25T20:30:57.789+0200][gc,heap       ] GC(14) Survivor regions: 5->6(15)
[2024-09-25T20:30:57.789+0200][gc,heap       ] GC(14) Old regions: 16->16
[2024-09-25T20:30:57.789+0200][gc,heap       ] GC(14) Humongous regions: 129->129
[2024-09-25T20:30:57.789+0200][gc,metaspace  ] GC(14) Metaspace: 45638K(48464K)->45638K(48464K) NonClass: 39764K(41172K)->39764K(41172K) Class: 5873K(7292K)->5873K(7292K)
[2024-09-25T20:30:57.789+0200][gc            ] GC(14) Pause Young (Normal) (G1 Evacuation Pause) 262M->150M(1024M) 8,462ms
[2024-09-25T20:30:57.789+0200][gc,cpu        ] GC(14) User=0,04s Sys=0,00s Real=0,00s
