[2024-09-27T17:49:04.626+0200][gc,heap] Heap region size: 1M
[2024-09-27T17:49:04.639+0200][gc     ] Using G1
[2024-09-27T17:49:04.639+0200][gc,heap,coops] Heap address: 0x00000000c0000000, size: 1024 MB, Compressed Oops mode: 32-bit
[2024-09-27T17:49:05.290+0200][gc,start     ] GC(0) Pause Young (Normal) (G1 Evacuation Pause)
[2024-09-27T17:49:05.290+0200][gc,task      ] GC(0) Using 6 workers of 6 for evacuation
[2024-09-27T17:49:05.296+0200][gc,phases    ] GC(0)   Pre Evacuate Collection Set: 0,0ms
[2024-09-27T17:49:05.296+0200][gc,phases    ] GC(0)   Evacuate Collection Set: 5,1ms
[2024-09-27T17:49:05.296+0200][gc,phases    ] GC(0)   Post Evacuate Collection Set: 0,7ms
[2024-09-27T17:49:05.296+0200][gc,phases    ] GC(0)   Other: 0,7ms
[2024-09-27T17:49:05.296+0200][gc,heap      ] GC(0) Eden regions: 51->0(44)
[2024-09-27T17:49:05.296+0200][gc,heap      ] GC(0) Survivor regions: 0->7(7)
[2024-09-27T17:49:05.296+0200][gc,heap      ] GC(0) Old regions: 0->2
[2024-09-27T17:49:05.296+0200][gc,heap      ] GC(0) Humongous regions: 0->0
[2024-09-27T17:49:05.296+0200][gc,metaspace ] GC(0) Metaspace: 13239K(13952K)->13239K(13952K) NonClass: 11585K(12032K)->11585K(12032K) Class: 1653K(1920K)->1653K(1920K)
[2024-09-27T17:49:05.296+0200][gc           ] GC(0) Pause Young (Normal) (G1 Evacuation Pause) 51M->8M(1024M) 6,622ms
[2024-09-27T17:49:05.296+0200][gc,cpu       ] GC(0) User=0,03s Sys=0,00s Real=0,00s
[2024-09-27T17:49:05.765+0200][gc,start     ] GC(1) Pause Young (Concurrent Start) (Metadata GC Threshold)
[2024-09-27T17:49:05.765+0200][gc,task      ] GC(1) Using 6 workers of 6 for evacuation
[2024-09-27T17:49:05.773+0200][gc,phases    ] GC(1)   Pre Evacuate Collection Set: 0,1ms
[2024-09-27T17:49:05.773+0200][gc,phases    ] GC(1)   Evacuate Collection Set: 6,9ms
[2024-09-27T17:49:05.773+0200][gc,phases    ] GC(1)   Post Evacuate Collection Set: 0,5ms
[2024-09-27T17:49:05.773+0200][gc,phases    ] GC(1)   Other: 0,3ms
[2024-09-27T17:49:05.773+0200][gc,heap      ] GC(1) Eden regions: 36->0(49)
[2024-09-27T17:49:05.773+0200][gc,heap      ] GC(1) Survivor regions: 7->2(7)
[2024-09-27T17:49:05.773+0200][gc,heap      ] GC(1) Old regions: 2->9
[2024-09-27T17:49:05.773+0200][gc,heap      ] GC(1) Humongous regions: 0->0
[2024-09-27T17:49:05.773+0200][gc,metaspace ] GC(1) Metaspace: 20589K(21248K)->20589K(21248K) NonClass: 18049K(18432K)->18049K(18432K) Class: 2539K(2816K)->2539K(2816K)
[2024-09-27T17:49:05.773+0200][gc           ] GC(1) Pause Young (Concurrent Start) (Metadata GC Threshold) 43M->9M(1024M) 7,895ms
[2024-09-27T17:49:05.773+0200][gc,cpu       ] GC(1) User=0,02s Sys=0,00s Real=0,01s
[2024-09-27T17:49:05.773+0200][gc           ] GC(2) Concurrent Cycle
[2024-09-27T17:49:05.773+0200][gc,marking   ] GC(2) Concurrent Clear Claimed Marks
[2024-09-27T17:49:05.773+0200][gc,marking   ] GC(2) Concurrent Clear Claimed Marks 0,026ms
[2024-09-27T17:49:05.773+0200][gc,marking   ] GC(2) Concurrent Scan Root Regions
[2024-09-27T17:49:05.774+0200][gc,marking   ] GC(2) Concurrent Scan Root Regions 1,054ms
[2024-09-27T17:49:05.774+0200][gc,marking   ] GC(2) Concurrent Mark (1,153s)
[2024-09-27T17:49:05.774+0200][gc,marking   ] GC(2) Concurrent Mark From Roots
[2024-09-27T17:49:05.774+0200][gc,task      ] GC(2) Using 2 workers of 2 for marking
[2024-09-27T17:49:05.781+0200][gc,marking   ] GC(2) Concurrent Mark From Roots 6,941ms
[2024-09-27T17:49:05.781+0200][gc,marking   ] GC(2) Concurrent Preclean
[2024-09-27T17:49:05.781+0200][gc,marking   ] GC(2) Concurrent Preclean 0,116ms
[2024-09-27T17:49:05.781+0200][gc,marking   ] GC(2) Concurrent Mark (1,153s, 1,160s) 7,111ms
[2024-09-27T17:49:05.781+0200][gc,start     ] GC(2) Pause Remark
[2024-09-27T17:49:05.784+0200][gc,stringtable] GC(2) Cleaned string and symbol table, strings: 9641 processed, 0 removed, symbols: 54575 processed, 47 removed
[2024-09-27T17:49:05.784+0200][gc            ] GC(2) Pause Remark 10M->10M(1024M) 2,455ms
[2024-09-27T17:49:05.784+0200][gc,cpu        ] GC(2) User=0,00s Sys=0,00s Real=0,00s
[2024-09-27T17:49:05.784+0200][gc,marking    ] GC(2) Concurrent Rebuild Remembered Sets
[2024-09-27T17:49:05.786+0200][gc,marking    ] GC(2) Concurrent Rebuild Remembered Sets 1,940ms
[2024-09-27T17:49:05.786+0200][gc,start      ] GC(2) Pause Cleanup
[2024-09-27T17:49:05.786+0200][gc            ] GC(2) Pause Cleanup 10M->10M(1024M) 0,177ms
[2024-09-27T17:49:05.786+0200][gc,cpu        ] GC(2) User=0,00s Sys=0,00s Real=0,00s
[2024-09-27T17:49:05.786+0200][gc,marking    ] GC(2) Concurrent Cleanup for Next Mark
[2024-09-27T17:49:05.789+0200][gc,marking    ] GC(2) Concurrent Cleanup for Next Mark 3,371ms
[2024-09-27T17:49:05.790+0200][gc            ] GC(2) Concurrent Cycle 16,610ms
[2024-09-27T17:49:05.944+0200][gc,heap,exit  ] Heap
[2024-09-27T17:49:05.944+0200][gc,heap,exit  ]  garbage-first heap   total 1048576K, used 14628K [0x00000000c0000000, 0x0000000100000000)
[2024-09-27T17:49:05.944+0200][gc,heap,exit  ]   region size 1024K, 8 young (8192K), 2 survivors (2048K)
[2024-09-27T17:49:05.944+0200][gc,heap,exit  ]  Metaspace       used 21184K, capacity 21785K, committed 21888K, reserved 1069056K
[2024-09-27T17:49:05.944+0200][gc,heap,exit  ]   class space    used 2637K, capacity 2911K, committed 2944K, reserved 1048576K
