[2024-09-27T17:59:57.499+0200][gc,heap] Heap region size: 1M
[2024-09-27T17:59:57.507+0200][gc     ] Using G1
[2024-09-27T17:59:57.507+0200][gc,heap,coops] Heap address: 0x00000000e0000000, size: 512 MB, Compressed Oops mode: 32-bit
[2024-09-27T17:59:57.946+0200][gc,start     ] GC(0) Pause Young (Normal) (G1 Evacuation Pause)
[2024-09-27T17:59:57.946+0200][gc,task      ] GC(0) Using 6 workers of 6 for evacuation
[2024-09-27T17:59:57.952+0200][gc,phases    ] GC(0)   Pre Evacuate Collection Set: 0,0ms
[2024-09-27T17:59:57.952+0200][gc,phases    ] GC(0)   Evacuate Collection Set: 4,9ms
[2024-09-27T17:59:57.952+0200][gc,phases    ] GC(0)   Post Evacuate Collection Set: 0,5ms
[2024-09-27T17:59:57.952+0200][gc,phases    ] GC(0)   Other: 0,8ms
[2024-09-27T17:59:57.952+0200][gc,heap      ] GC(0) Eden regions: 25->0(21)
[2024-09-27T17:59:57.952+0200][gc,heap      ] GC(0) Survivor regions: 0->4(4)
[2024-09-27T17:59:57.952+0200][gc,heap      ] GC(0) Old regions: 0->5
[2024-09-27T17:59:57.952+0200][gc,heap      ] GC(0) Humongous regions: 0->0
[2024-09-27T17:59:57.952+0200][gc,metaspace ] GC(0) Metaspace: 6821K(7424K)->6821K(7424K) NonClass: 6052K(6400K)->6052K(6400K) Class: 769K(1024K)->769K(1024K)
[2024-09-27T17:59:57.952+0200][gc           ] GC(0) Pause Young (Normal) (G1 Evacuation Pause) 25M->8M(512M) 6,227ms
[2024-09-27T17:59:57.952+0200][gc,cpu       ] GC(0) User=0,03s Sys=0,00s Real=0,01s
[2024-09-27T17:59:57.973+0200][gc,heap,exit ] Heap
[2024-09-27T17:59:57.973+0200][gc,heap,exit ]  garbage-first heap   total 524288K, used 10543K [0x00000000e0000000, 0x0000000100000000)
[2024-09-27T17:59:57.973+0200][gc,heap,exit ]   region size 1024K, 7 young (7168K), 4 survivors (4096K)
[2024-09-27T17:59:57.973+0200][gc,heap,exit ]  Metaspace       used 7379K, capacity 7687K, committed 7936K, reserved 1056768K
[2024-09-27T17:59:57.973+0200][gc,heap,exit ]   class space    used 830K, capacity 958K, committed 1024K, reserved 1048576K
