[2024-09-25T14:05:53.949+0200][gc,heap] Heap region size: 1M
[2024-09-25T14:05:53.953+0200][gc     ] Using G1
[2024-09-25T14:05:53.953+0200][gc,heap,coops] Heap address: 0x00000000e0000000, size: 512 MB, Compressed Oops mode: 32-bit
[2024-09-25T14:05:54.415+0200][gc,start     ] GC(0) Pause Young (Normal) (G1 Evacuation Pause)
[2024-09-25T14:05:54.416+0200][gc,task      ] GC(0) Using 6 workers of 6 for evacuation
[2024-09-25T14:05:54.423+0200][gc,phases    ] GC(0)   Pre Evacuate Collection Set: 0,0ms
[2024-09-25T14:05:54.423+0200][gc,phases    ] GC(0)   Evacuate Collection Set: 6,3ms
[2024-09-25T14:05:54.423+0200][gc,phases    ] GC(0)   Post Evacuate Collection Set: 0,5ms
[2024-09-25T14:05:54.423+0200][gc,phases    ] GC(0)   Other: 0,6ms
[2024-09-25T14:05:54.423+0200][gc,heap      ] GC(0) Eden regions: 25->0(21)
[2024-09-25T14:05:54.423+0200][gc,heap      ] GC(0) Survivor regions: 0->4(4)
[2024-09-25T14:05:54.423+0200][gc,heap      ] GC(0) Old regions: 0->5
[2024-09-25T14:05:54.423+0200][gc,heap      ] GC(0) Humongous regions: 0->0
[2024-09-25T14:05:54.423+0200][gc,metaspace ] GC(0) Metaspace: 6812K(7424K)->6812K(7424K) NonClass: 6041K(6400K)->6041K(6400K) Class: 770K(1024K)->770K(1024K)
[2024-09-25T14:05:54.423+0200][gc           ] GC(0) Pause Young (Normal) (G1 Evacuation Pause) 25M->8M(512M) 7,507ms
[2024-09-25T14:05:54.423+0200][gc,cpu       ] GC(0) User=0,03s Sys=0,00s Real=0,01s
[2024-09-25T16:23:04.507+0200][gc,start     ] GC(1) Pause Young (Normal) (G1 Evacuation Pause)
[2024-09-25T16:23:04.507+0200][gc,task      ] GC(1) Using 6 workers of 6 for evacuation
[2024-09-25T16:23:04.515+0200][gc,phases    ] GC(1)   Pre Evacuate Collection Set: 0,1ms
[2024-09-25T16:23:04.515+0200][gc,phases    ] GC(1)   Evacuate Collection Set: 6,4ms
[2024-09-25T16:23:04.515+0200][gc,phases    ] GC(1)   Post Evacuate Collection Set: 0,8ms
[2024-09-25T16:23:04.515+0200][gc,phases    ] GC(1)   Other: 0,5ms
[2024-09-25T16:23:04.515+0200][gc,heap      ] GC(1) Eden regions: 21->0(24)
[2024-09-25T16:23:04.515+0200][gc,heap      ] GC(1) Survivor regions: 4->1(4)
[2024-09-25T16:23:04.515+0200][gc,heap      ] GC(1) Old regions: 5->9
[2024-09-25T16:23:04.515+0200][gc,heap      ] GC(1) Humongous regions: 0->0
[2024-09-25T16:23:04.515+0200][gc,metaspace ] GC(1) Metaspace: 9397K(10240K)->9397K(10240K) NonClass: 8400K(8960K)->8400K(8960K) Class: 997K(1280K)->997K(1280K)
[2024-09-25T16:23:04.515+0200][gc           ] GC(1) Pause Young (Normal) (G1 Evacuation Pause) 29M->8M(512M) 7,836ms
[2024-09-25T16:23:04.515+0200][gc,cpu       ] GC(1) User=0,02s Sys=0,02s Real=0,01s
