[2024-09-27T17:40:48.410+0200][gc,heap] Heap region size: 1M
[2024-09-27T17:40:48.413+0200][gc     ] Using G1
[2024-09-27T17:40:48.413+0200][gc,heap,coops] Heap address: 0x00000000e0000000, size: 512 MB, Compressed Oops mode: 32-bit
[2024-09-27T17:40:49.275+0200][gc,start     ] GC(0) Pause Young (Normal) (G1 Evacuation Pause)
[2024-09-27T17:40:49.276+0200][gc,task      ] GC(0) Using 6 workers of 6 for evacuation
[2024-09-27T17:40:49.282+0200][gc,phases    ] GC(0)   Pre Evacuate Collection Set: 0,0ms
[2024-09-27T17:40:49.282+0200][gc,phases    ] GC(0)   Evacuate Collection Set: 5,0ms
[2024-09-27T17:40:49.282+0200][gc,phases    ] GC(0)   Post Evacuate Collection Set: 0,8ms
[2024-09-27T17:40:49.282+0200][gc,phases    ] GC(0)   Other: 0,5ms
[2024-09-27T17:40:49.282+0200][gc,heap      ] GC(0) Eden regions: 25->0(21)
[2024-09-27T17:40:49.282+0200][gc,heap      ] GC(0) Survivor regions: 0->4(4)
[2024-09-27T17:40:49.282+0200][gc,heap      ] GC(0) Old regions: 0->4
[2024-09-27T17:40:49.282+0200][gc,heap      ] GC(0) Humongous regions: 0->0
[2024-09-27T17:40:49.282+0200][gc,metaspace ] GC(0) Metaspace: 6882K(7424K)->6882K(7424K) NonClass: 6106K(6400K)->6106K(6400K) Class: 776K(1024K)->776K(1024K)
[2024-09-27T17:40:49.282+0200][gc           ] GC(0) Pause Young (Normal) (G1 Evacuation Pause) 25M->7M(512M) 6,511ms
[2024-09-27T17:40:49.282+0200][gc,cpu       ] GC(0) User=0,02s Sys=0,00s Real=0,01s
