[2024-09-27T09:53:13.013+0200][gc,heap] Heap region size: 1M
[2024-09-27T09:53:13.017+0200][gc     ] Using G1
[2024-09-27T09:53:13.017+0200][gc,heap,coops] Heap address: 0x00000000e0000000, size: 512 MB, Compressed Oops mode: 32-bit
[2024-09-27T09:53:13.641+0200][gc,start     ] GC(0) Pause Young (Normal) (G1 Evacuation Pause)
[2024-09-27T09:53:13.642+0200][gc,task      ] GC(0) Using 6 workers of 6 for evacuation
[2024-09-27T09:53:13.648+0200][gc,phases    ] GC(0)   Pre Evacuate Collection Set: 0,0ms
[2024-09-27T09:53:13.648+0200][gc,phases    ] GC(0)   Evacuate Collection Set: 5,4ms
[2024-09-27T09:53:13.648+0200][gc,phases    ] GC(0)   Post Evacuate Collection Set: 0,4ms
[2024-09-27T09:53:13.648+0200][gc,phases    ] GC(0)   Other: 0,5ms
[2024-09-27T09:53:13.648+0200][gc,heap      ] GC(0) Eden regions: 25->0(21)
[2024-09-27T09:53:13.648+0200][gc,heap      ] GC(0) Survivor regions: 0->4(4)
[2024-09-27T09:53:13.648+0200][gc,heap      ] GC(0) Old regions: 0->4
[2024-09-27T09:53:13.648+0200][gc,heap      ] GC(0) Humongous regions: 0->0
[2024-09-27T09:53:13.648+0200][gc,metaspace ] GC(0) Metaspace: 6888K(7424K)->6888K(7424K) NonClass: 6110K(6400K)->6110K(6400K) Class: 777K(1024K)->777K(1024K)
[2024-09-27T09:53:13.648+0200][gc           ] GC(0) Pause Young (Normal) (G1 Evacuation Pause) 25M->7M(512M) 6,410ms
[2024-09-27T09:53:13.648+0200][gc,cpu       ] GC(0) User=0,03s Sys=0,00s Real=0,01s
[2024-09-27T10:45:28.001+0200][gc,start     ] GC(1) Pause Young (Normal) (G1 Evacuation Pause)
[2024-09-27T10:45:28.002+0200][gc,task      ] GC(1) Using 6 workers of 6 for evacuation
[2024-09-27T10:45:28.009+0200][gc,phases    ] GC(1)   Pre Evacuate Collection Set: 0,1ms
[2024-09-27T10:45:28.009+0200][gc,phases    ] GC(1)   Evacuate Collection Set: 5,6ms
[2024-09-27T10:45:28.009+0200][gc,phases    ] GC(1)   Post Evacuate Collection Set: 0,6ms
[2024-09-27T10:45:28.009+0200][gc,phases    ] GC(1)   Other: 1,1ms
[2024-09-27T10:45:28.009+0200][gc,heap      ] GC(1) Eden regions: 21->0(24)
[2024-09-27T10:45:28.009+0200][gc,heap      ] GC(1) Survivor regions: 4->1(4)
[2024-09-27T10:45:28.009+0200][gc,heap      ] GC(1) Old regions: 4->9
[2024-09-27T10:45:28.009+0200][gc,heap      ] GC(1) Humongous regions: 0->0
[2024-09-27T10:45:28.009+0200][gc,metaspace ] GC(1) Metaspace: 9489K(10240K)->9489K(10240K) NonClass: 8490K(8960K)->8490K(8960K) Class: 999K(1280K)->999K(1280K)
[2024-09-27T10:45:28.009+0200][gc           ] GC(1) Pause Young (Normal) (G1 Evacuation Pause) 28M->9M(512M) 7,517ms
[2024-09-27T10:45:28.009+0200][gc,cpu       ] GC(1) User=0,01s Sys=0,01s Real=0,01s
[2024-09-27T16:49:07.001+0200][gc,heap,exit ] Heap
[2024-09-27T16:49:07.003+0200][gc,heap,exit ]  garbage-first heap   total 524288K, used 29834K [0x00000000e0000000, 0x0000000100000000)
[2024-09-27T16:49:07.003+0200][gc,heap,exit ]   region size 1024K, 22 young (22528K), 1 survivors (1024K)
[2024-09-27T16:49:07.003+0200][gc,heap,exit ]  Metaspace       used 9511K, capacity 9905K, committed 10240K, reserved 1058816K
[2024-09-27T16:49:07.003+0200][gc,heap,exit ]   class space    used 1000K, capacity 1163K, committed 1280K, reserved 1048576K
