[2024-10-04T14:50:15.887+0200][gc,heap] Heap region size: 1M
[2024-10-04T14:50:15.894+0200][gc     ] Using G1
[2024-10-04T14:50:15.894+0200][gc,heap,coops] Heap address: 0x00000000c0000000, size: 1024 MB, Compressed Oops mode: 32-bit
[2024-10-04T14:50:16.598+0200][gc,start     ] GC(0) Pause Young (Normal) (G1 Evacuation Pause)
[2024-10-04T14:50:16.599+0200][gc,task      ] GC(0) Using 6 workers of 6 for evacuation
[2024-10-04T14:50:16.604+0200][gc,phases    ] GC(0)   Pre Evacuate Collection Set: 0,0ms
[2024-10-04T14:50:16.604+0200][gc,phases    ] GC(0)   Evacuate Collection Set: 4,6ms
[2024-10-04T14:50:16.604+0200][gc,phases    ] GC(0)   Post Evacuate Collection Set: 0,6ms
[2024-10-04T14:50:16.604+0200][gc,phases    ] GC(0)   Other: 0,9ms
[2024-10-04T14:50:16.604+0200][gc,heap      ] GC(0) Eden regions: 51->0(44)
[2024-10-04T14:50:16.604+0200][gc,heap      ] GC(0) Survivor regions: 0->7(7)
[2024-10-04T14:50:16.604+0200][gc,heap      ] GC(0) Old regions: 0->1
[2024-10-04T14:50:16.604+0200][gc,heap      ] GC(0) Humongous regions: 0->0
[2024-10-04T14:50:16.604+0200][gc,metaspace ] GC(0) Metaspace: 13346K(13952K)->13346K(13952K) NonClass: 11670K(12032K)->11670K(12032K) Class: 1675K(1920K)->1675K(1920K)
[2024-10-04T14:50:16.604+0200][gc           ] GC(0) Pause Young (Normal) (G1 Evacuation Pause) 51M->7M(1024M) 6,354ms
[2024-10-04T14:50:16.604+0200][gc,cpu       ] GC(0) User=0,02s Sys=0,00s Real=0,01s
[2024-10-04T14:50:17.167+0200][gc,start     ] GC(1) Pause Young (Concurrent Start) (Metadata GC Threshold)
[2024-10-04T14:50:17.167+0200][gc,task      ] GC(1) Using 6 workers of 6 for evacuation
[2024-10-04T14:50:17.174+0200][gc,phases    ] GC(1)   Pre Evacuate Collection Set: 0,1ms
[2024-10-04T14:50:17.174+0200][gc,phases    ] GC(1)   Evacuate Collection Set: 6,8ms
[2024-10-04T14:50:17.174+0200][gc,phases    ] GC(1)   Post Evacuate Collection Set: 0,5ms
[2024-10-04T14:50:17.174+0200][gc,phases    ] GC(1)   Other: 0,2ms
[2024-10-04T14:50:17.174+0200][gc,heap      ] GC(1) Eden regions: 35->0(49)
[2024-10-04T14:50:17.174+0200][gc,heap      ] GC(1) Survivor regions: 7->2(7)
[2024-10-04T14:50:17.174+0200][gc,heap      ] GC(1) Old regions: 1->8
[2024-10-04T14:50:17.174+0200][gc,heap      ] GC(1) Humongous regions: 0->0
[2024-10-04T14:50:17.174+0200][gc,metaspace ] GC(1) Metaspace: 20560K(21248K)->20560K(21248K) NonClass: 18022K(18432K)->18022K(18432K) Class: 2537K(2816K)->2537K(2816K)
[2024-10-04T14:50:17.174+0200][gc           ] GC(1) Pause Young (Concurrent Start) (Metadata GC Threshold) 42M->8M(1024M) 7,777ms
[2024-10-04T14:50:17.174+0200][gc,cpu       ] GC(1) User=0,02s Sys=0,02s Real=0,01s
[2024-10-04T14:50:17.174+0200][gc           ] GC(2) Concurrent Cycle
[2024-10-04T14:50:17.174+0200][gc,marking   ] GC(2) Concurrent Clear Claimed Marks
[2024-10-04T14:50:17.174+0200][gc,marking   ] GC(2) Concurrent Clear Claimed Marks 0,031ms
[2024-10-04T14:50:17.174+0200][gc,marking   ] GC(2) Concurrent Scan Root Regions
[2024-10-04T14:50:17.178+0200][gc,marking   ] GC(2) Concurrent Scan Root Regions 4,054ms
[2024-10-04T14:50:17.179+0200][gc,marking   ] GC(2) Concurrent Mark (1,293s)
[2024-10-04T14:50:17.179+0200][gc,marking   ] GC(2) Concurrent Mark From Roots
[2024-10-04T14:50:17.179+0200][gc,task      ] GC(2) Using 2 workers of 2 for marking
[2024-10-04T14:50:17.182+0200][gc,marking   ] GC(2) Concurrent Mark From Roots 3,663ms
[2024-10-04T14:50:17.182+0200][gc,marking   ] GC(2) Concurrent Preclean
[2024-10-04T14:50:17.182+0200][gc,marking   ] GC(2) Concurrent Preclean 0,077ms
[2024-10-04T14:50:17.182+0200][gc,marking   ] GC(2) Concurrent Mark (1,293s, 1,297s) 3,781ms
[2024-10-04T14:50:17.182+0200][gc,start     ] GC(2) Pause Remark
[2024-10-04T14:50:17.186+0200][gc,stringtable] GC(2) Cleaned string and symbol table, strings: 9687 processed, 0 removed, symbols: 54689 processed, 49 removed
[2024-10-04T14:50:17.186+0200][gc            ] GC(2) Pause Remark 9M->9M(1024M) 3,782ms
[2024-10-04T14:50:17.186+0200][gc,cpu        ] GC(2) User=0,01s Sys=0,00s Real=0,00s
[2024-10-04T14:50:17.186+0200][gc,marking    ] GC(2) Concurrent Rebuild Remembered Sets
[2024-10-04T14:50:17.188+0200][gc,marking    ] GC(2) Concurrent Rebuild Remembered Sets 2,019ms
[2024-10-04T14:50:17.188+0200][gc,start      ] GC(2) Pause Cleanup
[2024-10-04T14:50:17.189+0200][gc            ] GC(2) Pause Cleanup 10M->10M(1024M) 0,244ms
[2024-10-04T14:50:17.189+0200][gc,cpu        ] GC(2) User=0,00s Sys=0,00s Real=0,00s
[2024-10-04T14:50:17.189+0200][gc,marking    ] GC(2) Concurrent Cleanup for Next Mark
[2024-10-04T14:50:17.192+0200][gc,marking    ] GC(2) Concurrent Cleanup for Next Mark 3,112ms
[2024-10-04T14:50:17.192+0200][gc            ] GC(2) Concurrent Cycle 17,504ms
[2024-10-04T14:50:17.630+0200][gc,start      ] GC(3) Pause Young (Normal) (G1 Evacuation Pause)
[2024-10-04T14:50:17.631+0200][gc,task       ] GC(3) Using 6 workers of 6 for evacuation
[2024-10-04T14:50:17.635+0200][gc,phases     ] GC(3)   Pre Evacuate Collection Set: 0,0ms
[2024-10-04T14:50:17.635+0200][gc,phases     ] GC(3)   Evacuate Collection Set: 4,3ms
[2024-10-04T14:50:17.635+0200][gc,phases     ] GC(3)   Post Evacuate Collection Set: 0,4ms
[2024-10-04T14:50:17.636+0200][gc,phases     ] GC(3)   Other: 0,2ms
[2024-10-04T14:50:17.636+0200][gc,heap       ] GC(3) Eden regions: 49->0(46)
[2024-10-04T14:50:17.636+0200][gc,heap       ] GC(3) Survivor regions: 2->5(7)
[2024-10-04T14:50:17.636+0200][gc,heap       ] GC(3) Old regions: 8->8
[2024-10-04T14:50:17.636+0200][gc,heap       ] GC(3) Humongous regions: 129->129
[2024-10-04T14:50:17.636+0200][gc,metaspace  ] GC(3) Metaspace: 28713K(29948K)->28713K(29948K) NonClass: 25353K(26112K)->25353K(26112K) Class: 3360K(3836K)->3360K(3836K)
[2024-10-04T14:50:17.636+0200][gc            ] GC(3) Pause Young (Normal) (G1 Evacuation Pause) 186M->140M(1024M) 5,066ms
[2024-10-04T14:50:17.636+0200][gc,cpu        ] GC(3) User=0,02s Sys=0,00s Real=0,01s
[2024-10-04T14:50:17.933+0200][gc,start      ] GC(4) Pause Young (Concurrent Start) (Metadata GC Threshold)
[2024-10-04T14:50:17.933+0200][gc,task       ] GC(4) Using 6 workers of 6 for evacuation
[2024-10-04T14:50:17.938+0200][gc,phases     ] GC(4)   Pre Evacuate Collection Set: 0,1ms
[2024-10-04T14:50:17.938+0200][gc,phases     ] GC(4)   Evacuate Collection Set: 4,5ms
[2024-10-04T14:50:17.938+0200][gc,phases     ] GC(4)   Post Evacuate Collection Set: 0,4ms
[2024-10-04T14:50:17.938+0200][gc,phases     ] GC(4)   Other: 0,2ms
[2024-10-04T14:50:17.938+0200][gc,heap       ] GC(4) Eden regions: 35->0(44)
[2024-10-04T14:50:17.938+0200][gc,heap       ] GC(4) Survivor regions: 5->7(7)
[2024-10-04T14:50:17.938+0200][gc,heap       ] GC(4) Old regions: 8->9
[2024-10-04T14:50:17.938+0200][gc,heap       ] GC(4) Humongous regions: 129->129
[2024-10-04T14:50:17.938+0200][gc,metaspace  ] GC(4) Metaspace: 34728K(36048K)->34728K(36048K) NonClass: 30769K(31488K)->30769K(31488K) Class: 3959K(4560K)->3959K(4560K)
[2024-10-04T14:50:17.938+0200][gc            ] GC(4) Pause Young (Concurrent Start) (Metadata GC Threshold) 175M->143M(1024M) 5,338ms
[2024-10-04T14:50:17.938+0200][gc,cpu        ] GC(4) User=0,03s Sys=0,00s Real=0,01s
[2024-10-04T14:50:17.938+0200][gc            ] GC(5) Concurrent Cycle
[2024-10-04T14:50:17.938+0200][gc,marking    ] GC(5) Concurrent Clear Claimed Marks
[2024-10-04T14:50:17.938+0200][gc,marking    ] GC(5) Concurrent Clear Claimed Marks 0,043ms
[2024-10-04T14:50:17.939+0200][gc,marking    ] GC(5) Concurrent Scan Root Regions
[2024-10-04T14:50:17.940+0200][gc,marking    ] GC(5) Concurrent Scan Root Regions 1,836ms
[2024-10-04T14:50:17.940+0200][gc,marking    ] GC(5) Concurrent Mark (2,055s)
[2024-10-04T14:50:17.940+0200][gc,marking    ] GC(5) Concurrent Mark From Roots
[2024-10-04T14:50:17.940+0200][gc,task       ] GC(5) Using 2 workers of 2 for marking
[2024-10-04T14:50:17.945+0200][gc,marking    ] GC(5) Concurrent Mark From Roots 4,211ms
[2024-10-04T14:50:17.945+0200][gc,marking    ] GC(5) Concurrent Preclean
[2024-10-04T14:50:17.945+0200][gc,marking    ] GC(5) Concurrent Preclean 0,119ms
[2024-10-04T14:50:17.945+0200][gc,marking    ] GC(5) Concurrent Mark (2,055s, 2,060s) 4,411ms
[2024-10-04T14:50:17.945+0200][gc,start      ] GC(5) Pause Remark
[2024-10-04T14:50:17.948+0200][gc,stringtable] GC(5) Cleaned string and symbol table, strings: 15777 processed, 9 removed, symbols: 90396 processed, 17 removed
[2024-10-04T14:50:17.949+0200][gc            ] GC(5) Pause Remark 145M->145M(1024M) 3,605ms
[2024-10-04T14:50:17.949+0200][gc,cpu        ] GC(5) User=0,02s Sys=0,00s Real=0,00s
[2024-10-04T14:50:17.949+0200][gc,marking    ] GC(5) Concurrent Rebuild Remembered Sets
[2024-10-04T14:50:17.952+0200][gc,marking    ] GC(5) Concurrent Rebuild Remembered Sets 3,600ms
[2024-10-04T14:50:17.953+0200][gc,start      ] GC(5) Pause Cleanup
[2024-10-04T14:50:17.953+0200][gc            ] GC(5) Pause Cleanup 145M->145M(1024M) 0,201ms
[2024-10-04T14:50:17.953+0200][gc,cpu        ] GC(5) User=0,00s Sys=0,00s Real=0,00s
[2024-10-04T14:50:17.953+0200][gc,marking    ] GC(5) Concurrent Cleanup for Next Mark
[2024-10-04T14:50:17.956+0200][gc,marking    ] GC(5) Concurrent Cleanup for Next Mark 2,738ms
[2024-10-04T14:50:17.956+0200][gc            ] GC(5) Concurrent Cycle 17,256ms
[2024-10-04T15:40:04.472+0200][gc,heap,exit  ] Heap
[2024-10-04T15:40:04.472+0200][gc,heap,exit  ]  garbage-first heap   total 1048576K, used 179833K [0x00000000c0000000, 0x0000000100000000)
[2024-10-04T15:40:04.472+0200][gc,heap,exit  ]   region size 1024K, 41 young (41984K), 7 survivors (7168K)
[2024-10-04T15:40:04.472+0200][gc,heap,exit  ]  Metaspace       used 38976K, capacity 40674K, committed 41040K, reserved 1085440K
[2024-10-04T15:40:04.472+0200][gc,heap,exit  ]   class space    used 4774K, capacity 5594K, committed 5712K, reserved 1048576K
