[2024-09-27T17:51:41.912+0200][gc,heap] Heap region size: 1M
[2024-09-27T17:51:41.918+0200][gc     ] Using G1
[2024-09-27T17:51:41.918+0200][gc,heap,coops] Heap address: 0x00000000c0000000, size: 1024 MB, Compressed Oops mode: 32-bit
[2024-09-27T17:51:42.572+0200][gc,start     ] GC(0) Pause Young (Normal) (G1 Evacuation Pause)
[2024-09-27T17:51:42.573+0200][gc,task      ] GC(0) Using 6 workers of 6 for evacuation
[2024-09-27T17:51:42.580+0200][gc,phases    ] GC(0)   Pre Evacuate Collection Set: 0,0ms
[2024-09-27T17:51:42.580+0200][gc,phases    ] GC(0)   Evacuate Collection Set: 5,9ms
[2024-09-27T17:51:42.580+0200][gc,phases    ] GC(0)   Post Evacuate Collection Set: 0,6ms
[2024-09-27T17:51:42.580+0200][gc,phases    ] GC(0)   Other: 0,5ms
[2024-09-27T17:51:42.580+0200][gc,heap      ] GC(0) Eden regions: 51->0(44)
[2024-09-27T17:51:42.580+0200][gc,heap      ] GC(0) Survivor regions: 0->7(7)
[2024-09-27T17:51:42.580+0200][gc,heap      ] GC(0) Old regions: 0->1
[2024-09-27T17:51:42.580+0200][gc,heap      ] GC(0) Humongous regions: 0->0
[2024-09-27T17:51:42.580+0200][gc,metaspace ] GC(0) Metaspace: 13213K(13952K)->13213K(13952K) NonClass: 11561K(12032K)->11561K(12032K) Class: 1651K(1920K)->1651K(1920K)
[2024-09-27T17:51:42.580+0200][gc           ] GC(0) Pause Young (Normal) (G1 Evacuation Pause) 51M->7M(1024M) 7,229ms
[2024-09-27T17:51:42.580+0200][gc,cpu       ] GC(0) User=0,03s Sys=0,00s Real=0,00s
[2024-09-27T17:51:43.122+0200][gc,start     ] GC(1) Pause Young (Concurrent Start) (Metadata GC Threshold)
[2024-09-27T17:51:43.122+0200][gc,task      ] GC(1) Using 6 workers of 6 for evacuation
[2024-09-27T17:51:43.131+0200][gc,phases    ] GC(1)   Pre Evacuate Collection Set: 0,1ms
[2024-09-27T17:51:43.131+0200][gc,phases    ] GC(1)   Evacuate Collection Set: 8,1ms
[2024-09-27T17:51:43.131+0200][gc,phases    ] GC(1)   Post Evacuate Collection Set: 0,5ms
[2024-09-27T17:51:43.131+0200][gc,phases    ] GC(1)   Other: 0,2ms
[2024-09-27T17:51:43.131+0200][gc,heap      ] GC(1) Eden regions: 36->0(49)
[2024-09-27T17:51:43.131+0200][gc,heap      ] GC(1) Survivor regions: 7->2(7)
[2024-09-27T17:51:43.131+0200][gc,heap      ] GC(1) Old regions: 1->8
[2024-09-27T17:51:43.131+0200][gc,heap      ] GC(1) Humongous regions: 0->0
[2024-09-27T17:51:43.131+0200][gc,metaspace ] GC(1) Metaspace: 20626K(21248K)->20626K(21248K) NonClass: 18086K(18432K)->18086K(18432K) Class: 2540K(2816K)->2540K(2816K)
[2024-09-27T17:51:43.131+0200][gc           ] GC(1) Pause Young (Concurrent Start) (Metadata GC Threshold) 43M->8M(1024M) 9,095ms
[2024-09-27T17:51:43.131+0200][gc,cpu       ] GC(1) User=0,03s Sys=0,00s Real=0,01s
[2024-09-27T17:51:43.131+0200][gc           ] GC(2) Concurrent Cycle
[2024-09-27T17:51:43.131+0200][gc,marking   ] GC(2) Concurrent Clear Claimed Marks
[2024-09-27T17:51:43.131+0200][gc,marking   ] GC(2) Concurrent Clear Claimed Marks 0,029ms
[2024-09-27T17:51:43.131+0200][gc,marking   ] GC(2) Concurrent Scan Root Regions
[2024-09-27T17:51:43.133+0200][gc,marking   ] GC(2) Concurrent Scan Root Regions 1,560ms
[2024-09-27T17:51:43.133+0200][gc,marking   ] GC(2) Concurrent Mark (1,224s)
[2024-09-27T17:51:43.133+0200][gc,marking   ] GC(2) Concurrent Mark From Roots
[2024-09-27T17:51:43.133+0200][gc,task      ] GC(2) Using 2 workers of 2 for marking
[2024-09-27T17:51:43.141+0200][gc,marking   ] GC(2) Concurrent Mark From Roots 8,227ms
[2024-09-27T17:51:43.141+0200][gc,marking   ] GC(2) Concurrent Preclean
[2024-09-27T17:51:43.141+0200][gc,marking   ] GC(2) Concurrent Preclean 0,121ms
[2024-09-27T17:51:43.141+0200][gc,marking   ] GC(2) Concurrent Mark (1,224s, 1,232s) 8,404ms
[2024-09-27T17:51:43.142+0200][gc,start     ] GC(2) Pause Remark
[2024-09-27T17:51:43.144+0200][gc,stringtable] GC(2) Cleaned string and symbol table, strings: 9686 processed, 0 removed, symbols: 54692 processed, 47 removed
[2024-09-27T17:51:43.144+0200][gc            ] GC(2) Pause Remark 10M->10M(1024M) 2,264ms
[2024-09-27T17:51:43.144+0200][gc,cpu        ] GC(2) User=0,00s Sys=0,00s Real=0,00s
[2024-09-27T17:51:43.144+0200][gc,marking    ] GC(2) Concurrent Rebuild Remembered Sets
[2024-09-27T17:51:43.147+0200][gc,marking    ] GC(2) Concurrent Rebuild Remembered Sets 2,876ms
[2024-09-27T17:51:43.147+0200][gc,start      ] GC(2) Pause Cleanup
[2024-09-27T17:51:43.147+0200][gc            ] GC(2) Pause Cleanup 10M->10M(1024M) 0,171ms
[2024-09-27T17:51:43.147+0200][gc,cpu        ] GC(2) User=0,00s Sys=0,00s Real=0,00s
[2024-09-27T17:51:43.147+0200][gc,marking    ] GC(2) Concurrent Cleanup for Next Mark
[2024-09-27T17:51:43.150+0200][gc,marking    ] GC(2) Concurrent Cleanup for Next Mark 3,205ms
[2024-09-27T17:51:43.150+0200][gc            ] GC(2) Concurrent Cycle 19,002ms
[2024-09-27T17:51:43.310+0200][gc,heap,exit  ] Heap
[2024-09-27T17:51:43.310+0200][gc,heap,exit  ]  garbage-first heap   total 1048576K, used 14287K [0x00000000c0000000, 0x0000000100000000)
[2024-09-27T17:51:43.310+0200][gc,heap,exit  ]   region size 1024K, 8 young (8192K), 2 survivors (2048K)
[2024-09-27T17:51:43.310+0200][gc,heap,exit  ]  Metaspace       used 21249K, capacity 21900K, committed 22140K, reserved 1069056K
[2024-09-27T17:51:43.310+0200][gc,heap,exit  ]   class space    used 2637K, capacity 2911K, committed 2940K, reserved 1048576K
