[2024-10-04T18:05:08.221+0200][gc,heap] Heap region size: 1M
[2024-10-04T18:05:08.235+0200][gc     ] Using G1
[2024-10-04T18:05:08.235+0200][gc,heap,coops] Heap address: 0x00000000c0000000, size: 1024 MB, Compressed Oops mode: 32-bit
[2024-10-04T18:05:08.915+0200][gc,start     ] GC(0) Pause Young (Normal) (G1 Evacuation Pause)
[2024-10-04T18:05:08.916+0200][gc,task      ] GC(0) Using 6 workers of 6 for evacuation
[2024-10-04T18:05:08.921+0200][gc,phases    ] GC(0)   Pre Evacuate Collection Set: 0,0ms
[2024-10-04T18:05:08.921+0200][gc,phases    ] GC(0)   Evacuate Collection Set: 4,5ms
[2024-10-04T18:05:08.921+0200][gc,phases    ] GC(0)   Post Evacuate Collection Set: 0,5ms
[2024-10-04T18:05:08.921+0200][gc,phases    ] GC(0)   Other: 0,5ms
[2024-10-04T18:05:08.921+0200][gc,heap      ] GC(0) Eden regions: 51->0(44)
[2024-10-04T18:05:08.921+0200][gc,heap      ] GC(0) Survivor regions: 0->7(7)
[2024-10-04T18:05:08.921+0200][gc,heap      ] GC(0) Old regions: 0->1
[2024-10-04T18:05:08.921+0200][gc,heap      ] GC(0) Humongous regions: 0->0
[2024-10-04T18:05:08.921+0200][gc,metaspace ] GC(0) Metaspace: 13279K(13952K)->13279K(13952K) NonClass: 11613K(12032K)->11613K(12032K) Class: 1665K(1920K)->1665K(1920K)
[2024-10-04T18:05:08.921+0200][gc           ] GC(0) Pause Young (Normal) (G1 Evacuation Pause) 51M->7M(1024M) 5,642ms
[2024-10-04T18:05:08.921+0200][gc,cpu       ] GC(0) User=0,02s Sys=0,01s Real=0,01s
[2024-10-04T18:05:27.927+0200][gc,heap,exit ] Heap
[2024-10-04T18:05:27.927+0200][gc,heap,exit ]  garbage-first heap   total 1048576K, used 20221K [0x00000000c0000000, 0x0000000100000000)
[2024-10-04T18:05:27.927+0200][gc,heap,exit ]   region size 1024K, 20 young (20480K), 7 survivors (7168K)
[2024-10-04T18:05:27.927+0200][gc,heap,exit ]  Metaspace       used 15373K, capacity 15887K, committed 16000K, reserved 1062912K
[2024-10-04T18:05:27.927+0200][gc,heap,exit ]   class space    used 1930K, capacity 2149K, committed 2176K, reserved 1048576K
