[2024-09-27T17:55:32.816+0200][gc,heap] Heap region size: 1M
[2024-09-27T17:55:32.822+0200][gc     ] Using G1
[2024-09-27T17:55:32.822+0200][gc,heap,coops] Heap address: 0x00000000c0000000, size: 1024 MB, Compressed Oops mode: 32-bit
[2024-09-27T17:55:33.470+0200][gc,start     ] GC(0) Pause Young (Normal) (G1 Evacuation Pause)
[2024-09-27T17:55:33.471+0200][gc,task      ] GC(0) Using 6 workers of 6 for evacuation
[2024-09-27T17:55:33.478+0200][gc,phases    ] GC(0)   Pre Evacuate Collection Set: 0,0ms
[2024-09-27T17:55:33.478+0200][gc,phases    ] GC(0)   Evacuate Collection Set: 6,1ms
[2024-09-27T17:55:33.478+0200][gc,phases    ] GC(0)   Post Evacuate Collection Set: 0,7ms
[2024-09-27T17:55:33.478+0200][gc,phases    ] GC(0)   Other: 0,7ms
[2024-09-27T17:55:33.478+0200][gc,heap      ] GC(0) Eden regions: 51->0(44)
[2024-09-27T17:55:33.478+0200][gc,heap      ] GC(0) Survivor regions: 0->7(7)
[2024-09-27T17:55:33.478+0200][gc,heap      ] GC(0) Old regions: 0->1
[2024-09-27T17:55:33.478+0200][gc,heap      ] GC(0) Humongous regions: 0->0
[2024-09-27T17:55:33.478+0200][gc,metaspace ] GC(0) Metaspace: 13221K(13952K)->13221K(13952K) NonClass: 11563K(12032K)->11563K(12032K) Class: 1657K(1920K)->1657K(1920K)
[2024-09-27T17:55:33.478+0200][gc           ] GC(0) Pause Young (Normal) (G1 Evacuation Pause) 51M->7M(1024M) 7,634ms
[2024-09-27T17:55:33.478+0200][gc,cpu       ] GC(0) User=0,03s Sys=0,01s Real=0,00s
[2024-09-27T17:55:33.965+0200][gc,start     ] GC(1) Pause Young (Concurrent Start) (Metadata GC Threshold)
[2024-09-27T17:55:33.965+0200][gc,task      ] GC(1) Using 6 workers of 6 for evacuation
[2024-09-27T17:55:33.972+0200][gc,phases    ] GC(1)   Pre Evacuate Collection Set: 0,1ms
[2024-09-27T17:55:33.972+0200][gc,phases    ] GC(1)   Evacuate Collection Set: 6,0ms
[2024-09-27T17:55:33.972+0200][gc,phases    ] GC(1)   Post Evacuate Collection Set: 0,4ms
[2024-09-27T17:55:33.972+0200][gc,phases    ] GC(1)   Other: 0,3ms
[2024-09-27T17:55:33.972+0200][gc,heap      ] GC(1) Eden regions: 36->0(49)
[2024-09-27T17:55:33.972+0200][gc,heap      ] GC(1) Survivor regions: 7->2(7)
[2024-09-27T17:55:33.972+0200][gc,heap      ] GC(1) Old regions: 1->8
[2024-09-27T17:55:33.972+0200][gc,heap      ] GC(1) Humongous regions: 0->0
[2024-09-27T17:55:33.972+0200][gc,metaspace ] GC(1) Metaspace: 20586K(21248K)->20586K(21248K) NonClass: 18047K(18432K)->18047K(18432K) Class: 2538K(2816K)->2538K(2816K)
[2024-09-27T17:55:33.972+0200][gc           ] GC(1) Pause Young (Concurrent Start) (Metadata GC Threshold) 43M->9M(1024M) 6,938ms
[2024-09-27T17:55:33.972+0200][gc,cpu       ] GC(1) User=0,02s Sys=0,00s Real=0,01s
[2024-09-27T17:55:33.972+0200][gc           ] GC(2) Concurrent Cycle
[2024-09-27T17:55:33.972+0200][gc,marking   ] GC(2) Concurrent Clear Claimed Marks
[2024-09-27T17:55:33.972+0200][gc,marking   ] GC(2) Concurrent Clear Claimed Marks 0,059ms
[2024-09-27T17:55:33.972+0200][gc,marking   ] GC(2) Concurrent Scan Root Regions
[2024-09-27T17:55:33.973+0200][gc,marking   ] GC(2) Concurrent Scan Root Regions 0,929ms
[2024-09-27T17:55:33.973+0200][gc,marking   ] GC(2) Concurrent Mark (1,159s)
[2024-09-27T17:55:33.973+0200][gc,marking   ] GC(2) Concurrent Mark From Roots
[2024-09-27T17:55:33.973+0200][gc,task      ] GC(2) Using 2 workers of 2 for marking
[2024-09-27T17:55:33.978+0200][gc,marking   ] GC(2) Concurrent Mark From Roots 5,070ms
[2024-09-27T17:55:33.978+0200][gc,marking   ] GC(2) Concurrent Preclean
[2024-09-27T17:55:33.978+0200][gc,marking   ] GC(2) Concurrent Preclean 0,075ms
[2024-09-27T17:55:33.978+0200][gc,marking   ] GC(2) Concurrent Mark (1,159s, 1,164s) 5,187ms
[2024-09-27T17:55:33.978+0200][gc,start     ] GC(2) Pause Remark
[2024-09-27T17:55:33.981+0200][gc,stringtable] GC(2) Cleaned string and symbol table, strings: 9672 processed, 0 removed, symbols: 54618 processed, 47 removed
[2024-09-27T17:55:33.981+0200][gc            ] GC(2) Pause Remark 10M->10M(1024M) 2,502ms
[2024-09-27T17:55:33.981+0200][gc,cpu        ] GC(2) User=0,00s Sys=0,00s Real=0,01s
[2024-09-27T17:55:33.981+0200][gc,marking    ] GC(2) Concurrent Rebuild Remembered Sets
[2024-09-27T17:55:33.983+0200][gc,marking    ] GC(2) Concurrent Rebuild Remembered Sets 1,958ms
[2024-09-27T17:55:33.983+0200][gc,start      ] GC(2) Pause Cleanup
[2024-09-27T17:55:33.983+0200][gc            ] GC(2) Pause Cleanup 10M->10M(1024M) 0,110ms
[2024-09-27T17:55:33.983+0200][gc,cpu        ] GC(2) User=0,00s Sys=0,00s Real=0,00s
[2024-09-27T17:55:33.983+0200][gc,marking    ] GC(2) Concurrent Cleanup for Next Mark
[2024-09-27T17:55:33.986+0200][gc,marking    ] GC(2) Concurrent Cleanup for Next Mark 3,057ms
[2024-09-27T17:55:33.986+0200][gc            ] GC(2) Concurrent Cycle 14,142ms
[2024-09-27T17:55:34.142+0200][gc,heap,exit  ] Heap
[2024-09-27T17:55:34.142+0200][gc,heap,exit  ]  garbage-first heap   total 1048576K, used 14582K [0x00000000c0000000, 0x0000000100000000)
[2024-09-27T17:55:34.142+0200][gc,heap,exit  ]   region size 1024K, 8 young (8192K), 2 survivors (2048K)
[2024-09-27T17:55:34.142+0200][gc,heap,exit  ]  Metaspace       used 21186K, capacity 21786K, committed 21888K, reserved 1069056K
[2024-09-27T17:55:34.142+0200][gc,heap,exit  ]   class space    used 2637K, capacity 2911K, committed 2944K, reserved 1048576K
