[2024-09-27T18:25:32.872+0200][gc,heap] Heap region size: 1M
[2024-09-27T18:25:32.876+0200][gc     ] Using G1
[2024-09-27T18:25:32.876+0200][gc,heap,coops] Heap address: 0x00000000e0000000, size: 512 MB, Compressed Oops mode: 32-bit
[2024-09-27T18:25:33.288+0200][gc,start     ] GC(0) Pause Young (Normal) (G1 Evacuation Pause)
[2024-09-27T18:25:33.289+0200][gc,task      ] GC(0) Using 6 workers of 6 for evacuation
[2024-09-27T18:25:33.293+0200][gc,phases    ] GC(0)   Pre Evacuate Collection Set: 0,0ms
[2024-09-27T18:25:33.294+0200][gc,phases    ] GC(0)   Evacuate Collection Set: 4,5ms
[2024-09-27T18:25:33.294+0200][gc,phases    ] GC(0)   Post Evacuate Collection Set: 0,3ms
[2024-09-27T18:25:33.294+0200][gc,phases    ] GC(0)   Other: 0,8ms
[2024-09-27T18:25:33.294+0200][gc,heap      ] GC(0) Eden regions: 25->0(21)
[2024-09-27T18:25:33.294+0200][gc,heap      ] GC(0) Survivor regions: 0->4(4)
[2024-09-27T18:25:33.294+0200][gc,heap      ] GC(0) Old regions: 0->4
[2024-09-27T18:25:33.294+0200][gc,heap      ] GC(0) Humongous regions: 0->0
[2024-09-27T18:25:33.294+0200][gc,metaspace ] GC(0) Metaspace: 6900K(7424K)->6900K(7424K) NonClass: 6124K(6400K)->6124K(6400K) Class: 775K(1024K)->775K(1024K)
[2024-09-27T18:25:33.294+0200][gc           ] GC(0) Pause Young (Normal) (G1 Evacuation Pause) 25M->7M(512M) 5,693ms
[2024-09-27T18:25:33.294+0200][gc,cpu       ] GC(0) User=0,03s Sys=0,00s Real=0,01s
[2024-09-27T18:25:33.312+0200][gc,heap,exit ] Heap
[2024-09-27T18:25:33.312+0200][gc,heap,exit ]  garbage-first heap   total 524288K, used 10148K [0x00000000e0000000, 0x0000000100000000)
[2024-09-27T18:25:33.312+0200][gc,heap,exit ]   region size 1024K, 7 young (7168K), 4 survivors (4096K)
[2024-09-27T18:25:33.312+0200][gc,heap,exit ]  Metaspace       used 7364K, capacity 7703K, committed 7936K, reserved 1056768K
[2024-09-27T18:25:33.312+0200][gc,heap,exit ]   class space    used 830K, capacity 958K, committed 1024K, reserved 1048576K
