[2024-10-04T18:10:24.113+0200][gc,heap] Heap region size: 1M
[2024-10-04T18:10:24.116+0200][gc     ] Using G1
[2024-10-04T18:10:24.116+0200][gc,heap,coops] Heap address: 0x00000000e0000000, size: 512 MB, Compressed Oops mode: 32-bit
[2024-10-04T18:10:24.535+0200][gc,start     ] GC(0) Pause Young (Normal) (G1 Evacuation Pause)
[2024-10-04T18:10:24.536+0200][gc,task      ] GC(0) Using 6 workers of 6 for evacuation
[2024-10-04T18:10:24.541+0200][gc,phases    ] GC(0)   Pre Evacuate Collection Set: 0,0ms
[2024-10-04T18:10:24.541+0200][gc,phases    ] GC(0)   Evacuate Collection Set: 4,4ms
[2024-10-04T18:10:24.541+0200][gc,phases    ] GC(0)   Post Evacuate Collection Set: 0,4ms
[2024-10-04T18:10:24.541+0200][gc,phases    ] GC(0)   Other: 0,6ms
[2024-10-04T18:10:24.541+0200][gc,heap      ] GC(0) Eden regions: 25->0(21)
[2024-10-04T18:10:24.541+0200][gc,heap      ] GC(0) Survivor regions: 0->4(4)
[2024-10-04T18:10:24.541+0200][gc,heap      ] GC(0) Old regions: 0->4
[2024-10-04T18:10:24.541+0200][gc,heap      ] GC(0) Humongous regions: 0->0
[2024-10-04T18:10:24.541+0200][gc,metaspace ] GC(0) Metaspace: 6920K(7680K)->6920K(7680K) NonClass: 6142K(6656K)->6142K(6656K) Class: 778K(1024K)->778K(1024K)
[2024-10-04T18:10:24.541+0200][gc           ] GC(0) Pause Young (Normal) (G1 Evacuation Pause) 25M->7M(512M) 5,651ms
[2024-10-04T18:10:24.541+0200][gc,cpu       ] GC(0) User=0,01s Sys=0,01s Real=0,01s
[2024-10-07T13:23:10.604+0200][gc,heap,exit ] Heap
[2024-10-07T13:23:10.605+0200][gc,heap,exit ]  garbage-first heap   total 524288K, used 16305K [0x00000000e0000000, 0x0000000100000000)
[2024-10-07T13:23:10.605+0200][gc,heap,exit ]   region size 1024K, 13 young (13312K), 4 survivors (4096K)
[2024-10-07T13:23:10.605+0200][gc,heap,exit ]  Metaspace       used 8223K, capacity 8587K, committed 8832K, reserved 1056768K
[2024-10-07T13:23:10.605+0200][gc,heap,exit ]   class space    used 918K, capacity 1063K, committed 1152K, reserved 1048576K
