[2024-10-04T14:50:10.843+0200][gc,heap] Heap region size: 1M
[2024-10-04T14:50:10.847+0200][gc     ] Using G1
[2024-10-04T14:50:10.847+0200][gc,heap,coops] Heap address: 0x00000000e0000000, size: 512 MB, Compressed Oops mode: 32-bit
[2024-10-04T14:50:11.415+0200][gc,start     ] GC(0) Pause Young (Normal) (G1 Evacuation Pause)
[2024-10-04T14:50:11.415+0200][gc,task      ] GC(0) Using 6 workers of 6 for evacuation
[2024-10-04T14:50:11.422+0200][gc,phases    ] GC(0)   Pre Evacuate Collection Set: 0,0ms
[2024-10-04T14:50:11.422+0200][gc,phases    ] GC(0)   Evacuate Collection Set: 6,5ms
[2024-10-04T14:50:11.422+0200][gc,phases    ] GC(0)   Post Evacuate Collection Set: 0,5ms
[2024-10-04T14:50:11.422+0200][gc,phases    ] GC(0)   Other: 0,7ms
[2024-10-04T14:50:11.422+0200][gc,heap      ] GC(0) Eden regions: 25->0(21)
[2024-10-04T14:50:11.422+0200][gc,heap      ] GC(0) Survivor regions: 0->4(4)
[2024-10-04T14:50:11.422+0200][gc,heap      ] GC(0) Old regions: 0->4
[2024-10-04T14:50:11.422+0200][gc,heap      ] GC(0) Humongous regions: 0->0
[2024-10-04T14:50:11.422+0200][gc,metaspace ] GC(0) Metaspace: 6891K(7424K)->6891K(7424K) NonClass: 6113K(6400K)->6113K(6400K) Class: 777K(1024K)->777K(1024K)
[2024-10-04T14:50:11.422+0200][gc           ] GC(0) Pause Young (Normal) (G1 Evacuation Pause) 25M->7M(512M) 7,769ms
[2024-10-04T14:50:11.422+0200][gc,cpu       ] GC(0) User=0,04s Sys=0,01s Real=0,01s
[2024-10-04T15:40:03.043+0200][gc,heap,exit ] Heap
[2024-10-04T15:40:03.043+0200][gc,heap,exit ]  garbage-first heap   total 524288K, used 22405K [0x00000000e0000000, 0x0000000100000000)
[2024-10-04T15:40:03.043+0200][gc,heap,exit ]   region size 1024K, 19 young (19456K), 4 survivors (4096K)
[2024-10-04T15:40:03.043+0200][gc,heap,exit ]  Metaspace       used 9049K, capacity 9462K, committed 9728K, reserved 1058816K
[2024-10-04T15:40:03.043+0200][gc,heap,exit ]   class space    used 999K, capacity 1163K, committed 1280K, reserved 1048576K
