[2024-10-04T14:55:43.158+0200][gc,heap] Heap region size: 1M
[2024-10-04T14:55:43.161+0200][gc     ] Using G1
[2024-10-04T14:55:43.161+0200][gc,heap,coops] Heap address: 0x00000000e0000000, size: 512 MB, Compressed Oops mode: 32-bit
[2024-10-04T14:55:43.705+0200][gc,start     ] GC(0) Pause Young (Normal) (G1 Evacuation Pause)
[2024-10-04T14:55:43.706+0200][gc,task      ] GC(0) Using 6 workers of 6 for evacuation
[2024-10-04T14:55:43.711+0200][gc,phases    ] GC(0)   Pre Evacuate Collection Set: 0,0ms
[2024-10-04T14:55:43.711+0200][gc,phases    ] GC(0)   Evacuate Collection Set: 4,2ms
[2024-10-04T14:55:43.711+0200][gc,phases    ] GC(0)   Post Evacuate Collection Set: 0,4ms
[2024-10-04T14:55:43.711+0200][gc,phases    ] GC(0)   Other: 0,6ms
[2024-10-04T14:55:43.711+0200][gc,heap      ] GC(0) Eden regions: 25->0(21)
[2024-10-04T14:55:43.711+0200][gc,heap      ] GC(0) Survivor regions: 0->4(4)
[2024-10-04T14:55:43.711+0200][gc,heap      ] GC(0) Old regions: 0->5
[2024-10-04T14:55:43.711+0200][gc,heap      ] GC(0) Humongous regions: 0->0
[2024-10-04T14:55:43.711+0200][gc,metaspace ] GC(0) Metaspace: 6769K(7424K)->6769K(7424K) NonClass: 6001K(6400K)->6001K(6400K) Class: 767K(1024K)->767K(1024K)
[2024-10-04T14:55:43.711+0200][gc           ] GC(0) Pause Young (Normal) (G1 Evacuation Pause) 25M->8M(512M) 5,400ms
[2024-10-04T14:55:43.711+0200][gc,cpu       ] GC(0) User=0,03s Sys=0,00s Real=0,00s
[2024-10-04T14:55:43.739+0200][gc,heap,exit ] Heap
[2024-10-04T14:55:43.739+0200][gc,heap,exit ]  garbage-first heap   total 524288K, used 10283K [0x00000000e0000000, 0x0000000100000000)
[2024-10-04T14:55:43.739+0200][gc,heap,exit ]   region size 1024K, 7 young (7168K), 4 survivors (4096K)
[2024-10-04T14:55:43.739+0200][gc,heap,exit ]  Metaspace       used 7327K, capacity 7639K, committed 7936K, reserved 1056768K
[2024-10-04T14:55:43.739+0200][gc,heap,exit ]   class space    used 830K, capacity 958K, committed 1024K, reserved 1048576K
